2026-07-05 15:25:45, MOVE, v:1, k:ed@caminho, mode:PICK
2026-07-05 15:25:53, EXEC, v:1, k:ed@caminho, mode:FULL, rate:0
2026-07-05 15:25:58, EXEC, v:1, k:ed@caminho, mode:FULL, rate:100, size:164
2026-07-05 15:26:00, MOVE, v:1, k:ed@caminho, mode:BACK
2026-07-05 15:26:18, SELF, v:1, k:ed@caminho, self:1, rate:100, study:150
2026-07-05 15:26:30, MOVE, v:1, k:ed@rotten, mode:PICK
2026-07-05 15:26:32, EXEC, v:1, k:ed@rotten, mode:FULL, rate:100
2026-07-05 15:26:34, MOVE, v:1, k:ed@rotten, mode:BACK
2026-07-05 15:27:10, MOVE, v:1, k:ed@clonar, mode:DOWN
2026-07-05 15:25:58, MOVE, v:1, k:ed@caminho, mode:EDIT
2026-07-05 15:25:58, MOVE, v:1, k:ed@caminho, mode:EDIT
2026-07-05 15:26:32, MOVE, v:1, k:ed@rotten, mode:EDIT
2026-07-05 15:27:10, MOVE, v:1, k:ed@clonar, mode:EDIT
2026-07-05 15:27:10, MOVE, v:1, k:ed@clonar, mode:EDIT
2026-07-05 17:05:02, MOVE, v:1, k:ed@clonar, mode:PICK
2026-07-05 17:05:10, EXEC, v:1, k:ed@clonar, mode:FULL, rate:0, size:76
2026-07-05 17:07:24, EXEC, v:1, k:ed@clonar, mode:FULL, rate:16, size:81
2026-07-05 17:07:30, EXEC, v:1, k:ed@clonar, mode:FULL, rate:16
2026-07-05 17:07:30, EXEC, v:1, k:ed@clonar, mode:FULL, rate:16
2026-07-05 17:07:30, MOVE, v:1, k:ed@clonar, mode:EDIT
2026-07-05 17:07:23, MOVE, v:1, k:ed@clonar, mode:EDIT
2026-07-05 17:11:33, EXEC, v:1, k:ed@clonar, mode:FULL, rate:16
2026-07-05 17:11:34, EXEC, v:1, k:ed@clonar, mode:FULL, rate:16
2026-07-05 17:11:34, MOVE, v:1, k:ed@clonar, mode:EDIT
2026-07-05 17:15:20, EXEC, v:1, k:ed@clonar, mode:FULL, rate:16
2026-07-05 17:16:57, EXEC, v:1, k:ed@clonar, mode:FULL, rate:16
2026-07-05 17:16:58, EXEC, v:1, k:ed@clonar, mode:FULL, rate:16
2026-07-05 17:17:32, EXEC, v:1, k:ed@clonar, mode:FULL, rate:16
2026-07-05 17:17:34, EXEC, v:1, k:ed@clonar, mode:FULL, rate:16
2026-07-05 17:18:02, EXEC, v:1, k:ed@clonar, mode:FULL, rate:16
2026-07-05 17:18:02, MOVE, v:1, k:ed@clonar, mode:EDIT
2026-07-05 17:23:00, EXEC, v:1, k:ed@clonar, mode:FULL, rate:16
2026-07-05 17:23:00, EXEC, v:1, k:ed@clonar, mode:FULL, rate:16
2026-07-05 17:23:00, MOVE, v:1, k:ed@clonar, mode:EDIT
2026-07-05 17:26:07, EXEC, v:1, k:ed@clonar, mode:FULL, rate:16
2026-07-05 17:27:35, EXEC, v:1, k:ed@clonar, mode:FULL, rate:16
2026-07-05 17:27:35, MOVE, v:1, k:ed@clonar, mode:EDIT
2026-07-05 17:38:37, MOVE, v:1, k:ed@clonar, mode:PICK
2026-07-05 17:38:39, EXEC, v:1, k:ed@clonar, mode:FULL, rate:16
2026-07-05 17:38:56, EXEC, v:1, k:ed@clonar, mode:FULL, rate:16
2026-07-05 17:38:56, EXEC, v:1, k:ed@clonar, mode:FULL, rate:16
2026-07-05 17:39:00, EXEC, v:1, k:ed@clonar, mode:FULL, rate:16
2026-07-05 17:39:03, EXEC, v:1, k:ed@clonar, mode:FULL, rate:16
2026-07-05 17:39:04, EXEC, v:1, k:ed@clonar, mode:FULL, rate:16
2026-07-05 17:41:48, EXEC, v:1, k:ed@clonar, mode:FULL, rate:16
2026-07-05 17:42:28, EXEC, v:1, k:ed@clonar, mode:FULL, rate:16
2026-07-05 17:42:28, MOVE, v:1, k:ed@clonar, mode:EDIT
2026-07-05 17:50:53, EXEC, v:1, k:ed@clonar, mode:FULL, rate:16
2026-07-05 17:50:54, EXEC, v:1, k:ed@clonar, mode:FULL, rate:16
2026-07-05 17:50:54, MOVE, v:1, k:ed@clonar, mode:EDIT
2026-07-05 17:53:51, EXEC, v:1, k:ed@clonar, mode:FULL, rate:16
2026-07-05 17:53:52, EXEC, v:1, k:ed@clonar, mode:FULL, rate:16
2026-07-05 17:53:53, EXEC, v:1, k:ed@clonar, mode:FULL, rate:16
2026-07-05 17:53:53, EXEC, v:1, k:ed@clonar, mode:FULL, rate:16
2026-07-05 17:54:31, EXEC, v:1, k:ed@clonar, mode:FULL, rate:16
2026-07-05 17:54:52, EXEC, v:1, k:ed@clonar, mode:FULL, rate:16
2026-07-05 17:54:53, EXEC, v:1, k:ed@clonar, mode:FULL, rate:16
2026-07-05 17:54:55, EXEC, v:1, k:ed@clonar, mode:FULL, rate:16
2026-07-05 17:54:57, EXEC, v:1, k:ed@clonar, mode:FULL, rate:16
2026-07-05 17:55:00, EXEC, v:1, k:ed@clonar, mode:FULL, rate:16
2026-07-05 17:55:01, EXEC, v:1, k:ed@clonar, mode:FULL, rate:16
2026-07-05 17:55:05, EXEC, v:1, k:ed@clonar, mode:FULL, rate:16
2026-07-05 17:55:31, EXEC, v:1, k:ed@clonar, mode:FULL, rate:16
2026-07-05 17:55:32, EXEC, v:1, k:ed@clonar, mode:FULL, rate:16
2026-07-05 17:55:44, EXEC, v:1, k:ed@clonar, mode:FULL, rate:16
2026-07-05 17:55:46, EXEC, v:1, k:ed@clonar, mode:FULL, rate:16
2026-07-05 17:55:50, EXEC, v:1, k:ed@clonar, mode:FULL, rate:16
2026-07-05 17:55:53, EXEC, v:1, k:ed@clonar, mode:FULL, rate:16
2026-07-05 17:55:56, EXEC, v:1, k:ed@clonar, mode:FULL, rate:16
2026-07-05 17:56:30, EXEC, v:1, k:ed@clonar, mode:FULL, rate:16
2026-07-05 17:56:32, EXEC, v:1, k:ed@clonar, mode:FULL, rate:16
2026-07-05 17:56:41, EXEC, v:1, k:ed@clonar, mode:FULL, rate:16
2026-07-05 17:56:44, EXEC, v:1, k:ed@clonar, mode:FULL, rate:16
2026-07-05 17:56:46, EXEC, v:1, k:ed@clonar, mode:FULL, rate:16
2026-07-05 17:56:57, EXEC, v:1, k:ed@clonar, mode:FULL, rate:16
2026-07-05 17:57:04, EXEC, v:1, k:ed@clonar, mode:FULL, rate:16
2026-07-05 17:57:17, EXEC, v:1, k:ed@clonar, mode:FULL, rate:16
2026-07-05 17:57:26, EXEC, v:1, k:ed@clonar, mode:FULL, rate:16
2026-07-05 17:57:30, EXEC, v:1, k:ed@clonar, mode:FULL, rate:16
2026-07-05 17:57:36, EXEC, v:1, k:ed@clonar, mode:FULL, rate:16
2026-07-05 17:58:28, EXEC, v:1, k:ed@clonar, mode:FULL, rate:16
2026-07-05 17:58:31, EXEC, v:1, k:ed@clonar, mode:FULL, rate:16
2026-07-05 17:58:31, MOVE, v:1, k:ed@clonar, mode:EDIT
2026-07-05 17:58:49, EXEC, v:1, k:ed@clonar, mode:FULL, rate:16
2026-07-05 17:59:02, EXEC, v:1, k:ed@clonar, mode:FULL, rate:16
2026-07-05 17:59:04, EXEC, v:1, k:ed@clonar, mode:FULL, rate:16
2026-07-05 17:59:09, EXEC, v:1, k:ed@clonar, mode:FULL, rate:16
2026-07-05 17:59:09, EXEC, v:1, k:ed@clonar, mode:FULL, rate:16
2026-07-05 17:59:10, EXEC, v:1, k:ed@clonar, mode:FULL, rate:16
2026-07-05 17:59:11, EXEC, v:1, k:ed@clonar, mode:FULL, rate:16
2026-07-05 17:59:15, EXEC, v:1, k:ed@clonar, mode:FULL, rate:16
2026-07-05 17:59:17, EXEC, v:1, k:ed@clonar, mode:FULL, rate:16
2026-07-05 18:00:15, EXEC, v:1, k:ed@clonar, mode:FULL, rate:16
2026-07-05 18:03:29, EXEC, v:1, k:ed@clonar, mode:FULL, rate:16
2026-07-05 18:03:30, EXEC, v:1, k:ed@clonar, mode:FULL, rate:16
2026-07-05 18:03:29, MOVE, v:1, k:ed@clonar, mode:EDIT
2026-07-05 18:03:45, EXEC, v:1, k:ed@clonar, mode:FULL, rate:16
2026-07-05 18:05:59, EXEC, v:1, k:ed@clonar, mode:FULL, rate:16
2026-07-05 18:07:14, EXEC, v:1, k:ed@clonar, mode:FULL, rate:16
2026-07-05 18:07:19, EXEC, v:1, k:ed@clonar, mode:FULL, rate:16
2026-07-05 18:07:21, EXEC, v:1, k:ed@clonar, mode:FULL, rate:16
2026-07-05 18:07:34, EXEC, v:1, k:ed@clonar, mode:FULL, rate:16
2026-07-05 18:07:37, EXEC, v:1, k:ed@clonar, mode:FULL, rate:16
2026-07-05 18:07:39, EXEC, v:1, k:ed@clonar, mode:FULL, rate:16
2026-07-05 18:07:43, EXEC, v:1, k:ed@clonar, mode:FULL, rate:16
2026-07-05 18:07:51, EXEC, v:1, k:ed@clonar, mode:FULL, rate:16
2026-07-05 18:07:57, EXEC, v:1, k:ed@clonar, mode:FULL, rate:16
2026-07-05 18:08:03, EXEC, v:1, k:ed@clonar, mode:FULL, rate:16
2026-07-05 18:08:04, EXEC, v:1, k:ed@clonar, mode:FULL, rate:16
2026-07-05 18:08:15, EXEC, v:1, k:ed@clonar, mode:FULL, rate:16
2026-07-05 18:08:16, EXEC, v:1, k:ed@clonar, mode:FULL, rate:16
2026-07-05 18:08:16, EXEC, v:1, k:ed@clonar, mode:FULL, rate:16
2026-07-05 18:08:16, MOVE, v:1, k:ed@clonar, mode:EDIT
2026-07-05 18:08:57, EXEC, v:1, k:ed@clonar, mode:FULL, rate:16
2026-07-05 18:09:02, EXEC, v:1, k:ed@clonar, mode:FULL, rate:16
2026-07-05 18:09:05, EXEC, v:1, k:ed@clonar, mode:FULL, rate:16
2026-07-05 18:09:07, EXEC, v:1, k:ed@clonar, mode:FULL, rate:16
2026-07-05 18:09:22, EXEC, v:1, k:ed@clonar, mode:FULL, rate:16
2026-07-05 18:09:22, EXEC, v:1, k:ed@clonar, mode:FULL, rate:16
2026-07-05 18:09:32, EXEC, v:1, k:ed@clonar, mode:FULL, rate:16
2026-07-05 18:09:34, EXEC, v:1, k:ed@clonar, mode:FULL, rate:16
2026-07-05 18:09:35, EXEC, v:1, k:ed@clonar, mode:FULL, rate:16
2026-07-05 18:09:41, EXEC, v:1, k:ed@clonar, mode:FULL, rate:16
2026-07-05 18:11:22, EXEC, v:1, k:ed@clonar, mode:FULL, rate:16
2026-07-05 18:12:00, EXEC, v:1, k:ed@clonar, mode:FULL, rate:16
2026-07-05 18:12:31, EXEC, v:1, k:ed@clonar, mode:FULL, rate:16
2026-07-05 18:12:57, EXEC, v:1, k:ed@clonar, mode:FULL, rate:16
2026-07-05 18:13:34, EXEC, v:1, k:ed@clonar, mode:FULL, rate:16
2026-07-05 18:13:34, MOVE, v:1, k:ed@clonar, mode:EDIT
2026-07-05 18:14:43, EXEC, v:1, k:ed@clonar, mode:FULL, rate:16
2026-07-05 18:14:43, EXEC, v:1, k:ed@clonar, mode:FULL, rate:16
2026-07-05 18:14:44, EXEC, v:1, k:ed@clonar, mode:FULL, rate:16
2026-07-05 18:14:44, EXEC, v:1, k:ed@clonar, mode:FULL, rate:16
2026-07-05 18:14:53, EXEC, v:1, k:ed@clonar, mode:FULL, rate:16
2026-07-05 18:17:09, EXEC, v:1, k:ed@clonar, mode:FULL, rate:16
2026-07-05 18:17:11, EXEC, v:1, k:ed@clonar, mode:FULL, rate:16
2026-07-05 18:17:12, EXEC, v:1, k:ed@clonar, mode:FULL, rate:16
2026-07-05 18:17:29, EXEC, v:1, k:ed@clonar, mode:FULL, rate:16
2026-07-05 18:17:30, EXEC, v:1, k:ed@clonar, mode:FULL, rate:16
2026-07-05 18:17:34, EXEC, v:1, k:ed@clonar, mode:FULL, rate:16
2026-07-05 18:17:39, EXEC, v:1, k:ed@clonar, mode:FULL, rate:16
2026-07-05 18:17:46, EXEC, v:1, k:ed@clonar, mode:FULL, rate:16
2026-07-05 18:17:47, EXEC, v:1, k:ed@clonar, mode:FULL, rate:16
2026-07-05 18:18:03, EXEC, v:1, k:ed@clonar, mode:FULL, rate:16
2026-07-05 18:18:04, EXEC, v:1, k:ed@clonar, mode:FULL, rate:16
2026-07-05 18:18:04, MOVE, v:1, k:ed@clonar, mode:EDIT
2026-07-05 18:20:15, EXEC, v:1, k:ed@clonar, mode:FULL, rate:16
2026-07-05 18:20:27, EXEC, v:1, k:ed@clonar, mode:FULL, rate:16
2026-07-05 18:20:31, MOVE, v:1, k:ed@clonar, mode:BACK
2026-07-05 18:20:39, MOVE, v:1, k:ed@clonar, mode:PICK
2026-07-05 18:20:41, EXEC, v:1, k:ed@clonar, mode:FULL, rate:16
2026-07-05 18:21:51, EXEC, v:1, k:ed@clonar, mode:FULL, rate:16
2026-07-05 18:22:00, EXEC, v:1, k:ed@clonar, mode:FULL, rate:16
2026-07-05 18:22:35, EXEC, v:1, k:ed@clonar, mode:FULL, rate:16
2026-07-05 18:22:36, EXEC, v:1, k:ed@clonar, mode:FULL, rate:16
2026-07-05 18:22:52, EXEC, v:1, k:ed@clonar, mode:FULL, rate:16
2026-07-05 18:22:54, EXEC, v:1, k:ed@clonar, mode:FULL, rate:16
2026-07-05 18:23:14, EXEC, v:1, k:ed@clonar, mode:FULL, rate:16
2026-07-05 18:23:17, EXEC, v:1, k:ed@clonar, mode:FULL, rate:16
2026-07-05 18:24:18, EXEC, v:1, k:ed@clonar, mode:FULL, rate:16
2026-07-05 18:25:24, EXEC, v:1, k:ed@clonar, mode:FULL, rate:16
2026-07-05 18:25:31, EXEC, v:1, k:ed@clonar, mode:FULL, rate:16
2026-07-05 18:25:30, MOVE, v:1, k:ed@clonar, mode:EDIT
2026-07-05 18:26:10, EXEC, v:1, k:ed@clonar, mode:FULL, rate:16
2026-07-05 18:26:14, EXEC, v:1, k:ed@clonar, mode:FULL, rate:16
2026-07-05 18:26:17, EXEC, v:1, k:ed@clonar, mode:FULL, rate:16
2026-07-05 18:26:19, EXEC, v:1, k:ed@clonar, mode:FULL, rate:16
2026-07-05 18:26:27, EXEC, v:1, k:ed@clonar, mode:FULL, rate:16
2026-07-05 18:26:28, EXEC, v:1, k:ed@clonar, mode:FULL, rate:16
2026-07-05 18:26:41, EXEC, v:1, k:ed@clonar, mode:FULL, rate:16
2026-07-05 18:26:42, EXEC, v:1, k:ed@clonar, mode:FULL, rate:16
2026-07-05 18:27:00, EXEC, v:1, k:ed@clonar, mode:FULL, rate:16
2026-07-05 18:27:30, EXEC, v:1, k:ed@clonar, mode:FULL, rate:16
2026-07-05 18:28:51, EXEC, v:1, k:ed@clonar, mode:FULL, rate:16
2026-07-05 18:30:05, EXEC, v:1, k:ed@clonar, mode:FULL, rate:16
2026-07-05 18:30:06, EXEC, v:1, k:ed@clonar, mode:FULL, rate:16
2026-07-05 18:30:07, EXEC, v:1, k:ed@clonar, mode:FULL, rate:16
2026-07-05 18:30:14, EXEC, v:1, k:ed@clonar, mode:FULL, rate:16
2026-07-05 18:30:15, EXEC, v:1, k:ed@clonar, mode:FULL, rate:16
2026-07-05 18:30:18, EXEC, v:1, k:ed@clonar, mode:FULL, rate:16
2026-07-05 18:30:31, EXEC, v:1, k:ed@clonar, mode:FULL, rate:16
2026-07-05 18:30:31, EXEC, v:1, k:ed@clonar, mode:FULL, rate:16
2026-07-05 18:30:31, MOVE, v:1, k:ed@clonar, mode:EDIT
2026-07-05 18:31:11, EXEC, v:1, k:ed@clonar, mode:FULL, rate:16
2026-07-05 18:31:12, EXEC, v:1, k:ed@clonar, mode:FULL, rate:16
2026-07-05 18:31:34, EXEC, v:1, k:ed@clonar, mode:FULL, rate:16
2026-07-05 18:33:34, EXEC, v:1, k:ed@clonar, mode:FULL, rate:16
2026-07-05 18:33:34, EXEC, v:1, k:ed@clonar, mode:FULL, rate:16
2026-07-05 18:33:40, EXEC, v:1, k:ed@clonar, mode:FULL, rate:16
2026-07-05 18:33:57, EXEC, v:1, k:ed@clonar, mode:FULL, rate:16
2026-07-05 18:34:07, EXEC, v:1, k:ed@clonar, mode:FULL, rate:16
2026-07-05 18:35:03, EXEC, v:1, k:ed@clonar, mode:FULL, rate:16
2026-07-05 18:35:03, EXEC, v:1, k:ed@clonar, mode:FULL, rate:16
2026-07-05 18:35:03, EXEC, v:1, k:ed@clonar, mode:FULL, rate:16
2026-07-05 18:35:04, EXEC, v:1, k:ed@clonar, mode:FULL, rate:16
2026-07-05 18:35:04, EXEC, v:1, k:ed@clonar, mode:FULL, rate:16
2026-07-05 18:35:05, EXEC, v:1, k:ed@clonar, mode:FULL, rate:16
2026-07-05 18:35:05, EXEC, v:1, k:ed@clonar, mode:FULL, rate:16
2026-07-05 18:35:29, EXEC, v:1, k:ed@clonar, mode:FULL, rate:16
2026-07-05 18:35:29, MOVE, v:1, k:ed@clonar, mode:EDIT
2026-07-05 18:36:02, EXEC, v:1, k:ed@clonar, mode:FULL, rate:16
2026-07-05 18:36:43, EXEC, v:1, k:ed@clonar, mode:FULL, rate:16
2026-07-05 18:36:49, EXEC, v:1, k:ed@clonar, mode:FULL, rate:16
2026-07-05 18:36:50, EXEC, v:1, k:ed@clonar, mode:FULL, rate:16
2026-07-05 18:37:13, EXEC, v:1, k:ed@clonar, mode:FULL, rate:16
2026-07-05 18:38:06, EXEC, v:1, k:ed@clonar, mode:FULL, rate:16
2026-07-05 18:38:08, EXEC, v:1, k:ed@clonar, mode:FULL, rate:16
2026-07-05 18:38:08, EXEC, v:1, k:ed@clonar, mode:FULL, rate:16
2026-07-05 18:38:09, EXEC, v:1, k:ed@clonar, mode:FULL, rate:16
2026-07-05 18:38:09, EXEC, v:1, k:ed@clonar, mode:FULL, rate:16
2026-07-05 18:38:32, EXEC, v:1, k:ed@clonar, mode:FULL, rate:16
2026-07-05 18:38:33, EXEC, v:1, k:ed@clonar, mode:FULL, rate:16
2026-07-05 18:38:34, EXEC, v:1, k:ed@clonar, mode:FULL, rate:16
2026-07-05 18:38:34, EXEC, v:1, k:ed@clonar, mode:FULL, rate:16
2026-07-05 18:39:09, EXEC, v:1, k:ed@clonar, mode:FULL, rate:16
2026-07-05 18:39:47, EXEC, v:1, k:ed@clonar, mode:FULL, rate:16
2026-07-05 18:39:47, EXEC, v:1, k:ed@clonar, mode:FULL, rate:16
2026-07-05 18:39:47, EXEC, v:1, k:ed@clonar, mode:FULL, rate:16
2026-07-05 18:39:48, EXEC, v:1, k:ed@clonar, mode:FULL, rate:16
2026-07-05 18:39:48, EXEC, v:1, k:ed@clonar, mode:FULL, rate:16
2026-07-05 18:39:48, EXEC, v:1, k:ed@clonar, mode:FULL, rate:16
2026-07-05 18:39:49, EXEC, v:1, k:ed@clonar, mode:FULL, rate:16
2026-07-05 18:39:49, EXEC, v:1, k:ed@clonar, mode:FULL, rate:16
2026-07-05 18:39:50, EXEC, v:1, k:ed@clonar, mode:FULL, rate:16
2026-07-05 18:39:50, EXEC, v:1, k:ed@clonar, mode:FULL, rate:16
2026-07-05 18:39:50, EXEC, v:1, k:ed@clonar, mode:FULL, rate:16
2026-07-05 18:39:50, MOVE, v:1, k:ed@clonar, mode:EDIT
2026-07-05 18:41:36, EXEC, v:1, k:ed@clonar, mode:FULL, rate:16
2026-07-05 18:41:37, EXEC, v:1, k:ed@clonar, mode:FULL, rate:16
2026-07-05 18:41:37, EXEC, v:1, k:ed@clonar, mode:FULL, rate:16
2026-07-05 18:41:43, MOVE, v:1, k:ed@clonar, mode:BACK
2026-07-05 18:41:49, MOVE, v:1, k:ed@clonar, mode:PICK
2026-07-05 18:41:50, EXEC, v:1, k:ed@clonar, mode:FULL, rate:16
2026-07-05 18:42:07, EXEC, v:1, k:ed@clonar, mode:FULL, rate:16
2026-07-05 18:42:59, EXEC, v:1, k:ed@clonar, mode:FULL, rate:16
2026-07-05 18:43:20, EXEC, v:1, k:ed@clonar, mode:FULL, rate:16
2026-07-05 18:43:20, EXEC, v:1, k:ed@clonar, mode:FULL, rate:16
2026-07-05 18:43:25, EXEC, v:1, k:ed@clonar, mode:FULL, rate:16
2026-07-05 18:43:26, EXEC, v:1, k:ed@clonar, mode:FULL, rate:16
2026-07-05 18:43:26, EXEC, v:1, k:ed@clonar, mode:FULL, rate:16
2026-07-05 18:43:49, EXEC, v:1, k:ed@clonar, mode:FULL, rate:16
2026-07-05 18:44:49, EXEC, v:1, k:ed@clonar, mode:FULL, rate:16
2026-07-05 18:44:50, EXEC, v:1, k:ed@clonar, mode:FULL, rate:16
2026-07-05 18:44:52, EXEC, v:1, k:ed@clonar, mode:FULL, rate:16
2026-07-05 18:44:52, EXEC, v:1, k:ed@clonar, mode:FULL, rate:16
2026-07-05 18:44:53, EXEC, v:1, k:ed@clonar, mode:FULL, rate:16
2026-07-05 18:44:54, EXEC, v:1, k:ed@clonar, mode:FULL, rate:16
2026-07-05 18:44:55, EXEC, v:1, k:ed@clonar, mode:FULL, rate:16
2026-07-05 18:44:57, EXEC, v:1, k:ed@clonar, mode:FULL, rate:16
2026-07-05 18:45:00, EXEC, v:1, k:ed@clonar, mode:FULL, rate:16
2026-07-05 18:45:04, EXEC, v:1, k:ed@clonar, mode:FULL, rate:16
2026-07-05 18:45:05, EXEC, v:1, k:ed@clonar, mode:FULL, rate:16
2026-07-05 18:45:26, EXEC, v:1, k:ed@clonar, mode:FULL, rate:16
2026-07-05 18:46:18, EXEC, v:1, k:ed@clonar, mode:FULL, rate:16
2026-07-05 18:46:18, EXEC, v:1, k:ed@clonar, mode:FULL, rate:16
2026-07-05 18:46:21, EXEC, v:1, k:ed@clonar, mode:FULL, rate:16
2026-07-05 18:46:21, EXEC, v:1, k:ed@clonar, mode:FULL, rate:16
2026-07-05 18:46:22, EXEC, v:1, k:ed@clonar, mode:FULL, rate:16
2026-07-05 18:46:22, EXEC, v:1, k:ed@clonar, mode:FULL, rate:16
2026-07-05 18:46:22, EXEC, v:1, k:ed@clonar, mode:FULL, rate:16
2026-07-05 18:46:23, EXEC, v:1, k:ed@clonar, mode:FULL, rate:16
2026-07-05 18:46:23, EXEC, v:1, k:ed@clonar, mode:FULL, rate:16
2026-07-05 18:46:23, EXEC, v:1, k:ed@clonar, mode:FULL, rate:16
2026-07-05 18:46:25, EXEC, v:1, k:ed@clonar, mode:FULL, rate:16
2026-07-05 18:46:45, EXEC, v:1, k:ed@clonar, mode:FULL, rate:16
2026-07-05 18:46:45, EXEC, v:1, k:ed@clonar, mode:FULL, rate:16
2026-07-05 18:46:45, MOVE, v:1, k:ed@clonar, mode:EDIT
2026-07-05 18:46:59, EXEC, v:1, k:ed@clonar, mode:FULL, rate:16
2026-07-05 18:47:02, EXEC, v:1, k:ed@clonar, mode:FULL, rate:16
2026-07-05 18:47:03, EXEC, v:1, k:ed@clonar, mode:FULL, rate:16
2026-07-05 18:47:04, EXEC, v:1, k:ed@clonar, mode:FULL, rate:16
2026-07-05 18:47:05, EXEC, v:1, k:ed@clonar, mode:FULL, rate:16
2026-07-05 18:47:07, EXEC, v:1, k:ed@clonar, mode:FULL, rate:16
2026-07-05 18:47:42, EXEC, v:1, k:ed@clonar, mode:FULL, rate:16
2026-07-05 18:48:53, EXEC, v:1, k:ed@clonar, mode:FULL, rate:16
2026-07-05 18:48:54, EXEC, v:1, k:ed@clonar, mode:FULL, rate:16
2026-07-05 18:48:54, EXEC, v:1, k:ed@clonar, mode:FULL, rate:16
2026-07-05 18:48:55, EXEC, v:1, k:ed@clonar, mode:FULL, rate:16
2026-07-05 18:48:56, EXEC, v:1, k:ed@clonar, mode:FULL, rate:16
2026-07-05 18:48:57, EXEC, v:1, k:ed@clonar, mode:FULL, rate:16
2026-07-05 18:48:57, EXEC, v:1, k:ed@clonar, mode:FULL, rate:16
2026-07-05 18:48:59, EXEC, v:1, k:ed@clonar, mode:FULL, rate:16
2026-07-05 18:49:21, EXEC, v:1, k:ed@clonar, mode:FULL, rate:16
2026-07-05 18:49:22, EXEC, v:1, k:ed@clonar, mode:FULL, rate:16
2026-07-05 18:50:33, EXEC, v:1, k:ed@clonar, mode:FULL, rate:16
2026-07-05 18:50:34, EXEC, v:1, k:ed@clonar, mode:FULL, rate:16
2026-07-05 18:50:34, EXEC, v:1, k:ed@clonar, mode:FULL, rate:16
2026-07-05 18:50:34, EXEC, v:1, k:ed@clonar, mode:FULL, rate:16
2026-07-05 18:50:35, EXEC, v:1, k:ed@clonar, mode:FULL, rate:16
2026-07-05 18:50:35, EXEC, v:1, k:ed@clonar, mode:FULL, rate:16
2026-07-05 18:50:38, EXEC, v:1, k:ed@clonar, mode:FULL, rate:16
2026-07-05 18:51:03, EXEC, v:1, k:ed@clonar, mode:FULL, rate:16
2026-07-05 18:51:03, MOVE, v:1, k:ed@clonar, mode:EDIT
2026-07-05 18:52:23, EXEC, v:1, k:ed@clonar, mode:FULL, rate:16
2026-07-05 18:52:24, EXEC, v:1, k:ed@clonar, mode:FULL, rate:16
2026-07-05 18:52:27, MOVE, v:1, k:ed@clonar, mode:BACK
2026-07-05 18:52:46, MOVE, v:1, k:ed@clonar, mode:PICK
2026-07-05 18:53:08, EXEC, v:1, k:ed@clonar, mode:FULL, rate:100, size:82
2026-07-05 18:53:10, MOVE, v:1, k:ed@clonar, mode:BACK
2026-07-05 18:53:24, SELF, v:1, k:ed@clonar, self:1, rate:100, study:120, problem:1
2026-07-05 18:53:32, MOVE, v:1, k:ed@soma, mode:DOWN
2026-07-05 18:53:05, MOVE, v:1, k:ed@clonar, mode:EDIT
2026-07-05 18:53:08, MOVE, v:1, k:ed@clonar, mode:EDIT
2026-07-05 18:53:32, MOVE, v:1, k:ed@soma, mode:EDIT
2026-07-05 18:57:22, MOVE, v:1, k:ed@soma, mode:EDIT
2026-07-05 18:57:48, MOVE, v:1, k:ed@soma, mode:PICK
2026-07-05 18:57:50, EXEC, v:1, k:ed@soma, mode:FULL, rate:42, size:85
2026-07-05 19:00:22, EXEC, v:1, k:ed@soma, mode:FULL, rate:100, size:94
2026-07-05 19:00:35, EXEC, v:1, k:ed@soma, mode:FULL, size:94, fail:COMP
2026-07-05 19:00:42, EXEC, v:1, k:ed@soma, mode:FULL, size:94, fail:COMP
2026-07-05 19:00:43, EXEC, v:1, k:ed@soma, mode:FULL, fail:COMP
2026-07-05 19:00:44, EXEC, v:1, k:ed@soma, mode:FULL, fail:COMP
2026-07-05 19:01:00, EXEC, v:1, k:ed@soma, mode:FULL, rate:0, size:94
2026-07-05 19:01:01, EXEC, v:1, k:ed@soma, mode:FULL, rate:0
2026-07-05 19:01:24, EXEC, v:1, k:ed@soma, mode:FULL, rate:0
2026-07-05 19:01:25, EXEC, v:1, k:ed@soma, mode:FULL, rate:0
2026-07-05 19:01:28, EXEC, v:1, k:ed@soma, mode:FULL, rate:0
2026-07-05 19:01:29, EXEC, v:1, k:ed@soma, mode:FULL, rate:0
2026-07-05 19:01:34, EXEC, v:1, k:ed@soma, mode:FULL, rate:0
2026-07-05 19:01:43, EXEC, v:1, k:ed@soma, mode:FULL, rate:0
2026-07-05 19:00:59, MOVE, v:1, k:ed@soma, mode:EDIT
2026-07-05 19:01:43, MOVE, v:1, k:ed@soma, mode:EDIT
2026-07-05 19:04:08, EXEC, v:1, k:ed@soma, mode:FULL, rate:0
2026-07-05 19:04:11, EXEC, v:1, k:ed@soma, mode:FULL, rate:0
2026-07-05 19:04:16, EXEC, v:1, k:ed@soma, mode:FULL, rate:0
2026-07-05 19:04:20, EXEC, v:1, k:ed@soma, mode:FULL, rate:0
2026-07-05 19:04:28, EXEC, v:1, k:ed@soma, mode:FULL, rate:0
2026-07-05 19:04:31, EXEC, v:1, k:ed@soma, mode:FULL, rate:0
2026-07-05 19:04:36, EXEC, v:1, k:ed@soma, mode:FULL, rate:0
2026-07-05 19:04:37, EXEC, v:1, k:ed@soma, mode:FULL, rate:0
2026-07-05 19:04:53, EXEC, v:1, k:ed@soma, mode:FULL, rate:0
2026-07-05 19:04:56, EXEC, v:1, k:ed@soma, mode:FULL, rate:0
2026-07-05 19:05:01, EXEC, v:1, k:ed@soma, mode:FULL, rate:0
2026-07-05 19:05:06, EXEC, v:1, k:ed@soma, mode:FULL, rate:0
2026-07-05 19:05:07, EXEC, v:1, k:ed@soma, mode:FULL, rate:0
2026-07-05 19:05:17, EXEC, v:1, k:ed@soma, mode:FULL, rate:0
2026-07-05 19:05:20, EXEC, v:1, k:ed@soma, mode:FULL, rate:0
2026-07-05 19:05:30, EXEC, v:1, k:ed@soma, mode:FULL, rate:0
2026-07-05 19:05:39, EXEC, v:1, k:ed@soma, mode:FULL, rate:0
2026-07-05 19:05:47, EXEC, v:1, k:ed@soma, mode:FULL, rate:0
2026-07-05 19:05:50, EXEC, v:1, k:ed@soma, mode:FULL, rate:0
2026-07-05 19:05:54, EXEC, v:1, k:ed@soma, mode:FULL, rate:0
2026-07-05 19:06:03, EXEC, v:1, k:ed@soma, mode:FULL, rate:0
2026-07-05 19:06:06, EXEC, v:1, k:ed@soma, mode:FULL, rate:0
2026-07-05 19:06:11, EXEC, v:1, k:ed@soma, mode:FULL, rate:0
2026-07-05 19:06:16, EXEC, v:1, k:ed@soma, mode:FULL, rate:0
2026-07-05 19:06:21, EXEC, v:1, k:ed@soma, mode:FULL, rate:0
2026-07-05 19:06:31, EXEC, v:1, k:ed@soma, mode:FULL, rate:0
2026-07-05 19:06:35, EXEC, v:1, k:ed@soma, mode:FULL, rate:0
2026-07-05 19:06:42, EXEC, v:1, k:ed@soma, mode:FULL, rate:0
2026-07-05 19:06:43, EXEC, v:1, k:ed@soma, mode:FULL, rate:0
2026-07-05 19:06:45, EXEC, v:1, k:ed@soma, mode:FULL, rate:0
2026-07-05 19:06:52, EXEC, v:1, k:ed@soma, mode:FULL, rate:0
2026-07-05 19:07:01, EXEC, v:1, k:ed@soma, mode:FULL, rate:0
2026-07-05 19:07:05, EXEC, v:1, k:ed@soma, mode:FULL, rate:0
2026-07-05 19:07:09, EXEC, v:1, k:ed@soma, mode:FULL, rate:0
2026-07-05 19:07:12, EXEC, v:1, k:ed@soma, mode:FULL, rate:0
2026-07-05 19:07:12, MOVE, v:1, k:ed@soma, mode:EDIT
2026-07-05 19:13:51, EXEC, v:1, k:ed@soma, mode:FULL, rate:0
2026-07-05 19:13:52, EXEC, v:1, k:ed@soma, mode:FULL, rate:0
2026-07-05 19:16:44, EXEC, v:1, k:ed@soma, mode:FULL, rate:0
2026-07-05 19:16:44, MOVE, v:1, k:ed@soma, mode:EDIT
2026-07-05 19:31:29, EXEC, v:1, k:ed@soma, mode:FULL, rate:0
2026-07-05 19:31:29, MOVE, v:1, k:ed@soma, mode:EDIT
2026-07-05 19:38:54, EXEC, v:1, k:ed@soma, mode:FULL, rate:0
2026-07-05 19:38:54, MOVE, v:1, k:ed@soma, mode:EDIT
2026-07-05 19:53:05, EXEC, v:1, k:ed@soma, mode:FULL, rate:0
2026-07-05 19:53:05, MOVE, v:1, k:ed@soma, mode:EDIT
2026-07-05 22:42:49, MOVE, v:1, k:ed@soma, mode:PICK
2026-07-05 22:42:52, EXEC, v:1, k:ed@soma, mode:FULL, rate:0
2026-07-05 22:44:04, EXEC, v:1, k:ed@soma, mode:FULL, rate:0
2026-07-05 22:44:46, EXEC, v:1, k:ed@soma, mode:FULL, rate:0
2026-07-05 22:44:47, EXEC, v:1, k:ed@soma, mode:FULL, rate:0
2026-07-05 22:44:49, EXEC, v:1, k:ed@soma, mode:FULL, rate:0
2026-07-05 22:44:51, EXEC, v:1, k:ed@soma, mode:FULL, rate:0
2026-07-05 22:44:52, EXEC, v:1, k:ed@soma, mode:FULL, rate:0
2026-07-05 22:44:57, EXEC, v:1, k:ed@soma, mode:FULL, rate:0
2026-07-05 22:45:00, EXEC, v:1, k:ed@soma, mode:FULL, rate:0
2026-07-05 22:45:03, EXEC, v:1, k:ed@soma, mode:FULL, rate:0
2026-07-05 22:45:07, EXEC, v:1, k:ed@soma, mode:FULL, rate:0
2026-07-05 22:45:13, EXEC, v:1, k:ed@soma, mode:FULL, rate:0
2026-07-05 22:45:16, EXEC, v:1, k:ed@soma, mode:FULL, rate:0
2026-07-05 22:45:23, EXEC, v:1, k:ed@soma, mode:FULL, rate:0
2026-07-05 22:45:26, EXEC, v:1, k:ed@soma, mode:FULL, rate:0
2026-07-05 22:45:28, EXEC, v:1, k:ed@soma, mode:FULL, rate:0
2026-07-05 22:46:24, EXEC, v:1, k:ed@soma, mode:FULL, rate:0
2026-07-05 22:46:26, EXEC, v:1, k:ed@soma, mode:FULL, rate:0
2026-07-05 22:46:30, EXEC, v:1, k:ed@soma, mode:FULL, rate:0
2026-07-05 22:46:35, EXEC, v:1, k:ed@soma, mode:FULL, rate:0
2026-07-05 22:46:37, EXEC, v:1, k:ed@soma, mode:FULL, rate:0
2026-07-05 22:47:20, EXEC, v:1, k:ed@soma, mode:FULL, rate:0
2026-07-05 22:47:24, EXEC, v:1, k:ed@soma, mode:FULL, rate:0
2026-07-05 22:47:28, EXEC, v:1, k:ed@soma, mode:FULL, rate:0
2026-07-05 22:47:29, EXEC, v:1, k:ed@soma, mode:FULL, rate:0
2026-07-05 22:47:32, EXEC, v:1, k:ed@soma, mode:FULL, rate:0
2026-07-05 22:47:41, EXEC, v:1, k:ed@soma, mode:FULL, rate:0
2026-07-05 22:47:41, MOVE, v:1, k:ed@soma, mode:EDIT
2026-07-05 22:50:01, EXEC, v:1, k:ed@soma, mode:FULL, rate:0
2026-07-05 22:50:09, EXEC, v:1, k:ed@soma, mode:FULL, rate:0
2026-07-05 22:50:42, EXEC, v:1, k:ed@soma, mode:FULL, rate:0
2026-07-05 22:50:43, EXEC, v:1, k:ed@soma, mode:FULL, rate:0
2026-07-05 22:50:45, EXEC, v:1, k:ed@soma, mode:FULL, rate:0
2026-07-05 22:50:46, EXEC, v:1, k:ed@soma, mode:FULL, rate:0
2026-07-05 22:52:17, EXEC, v:1, k:ed@soma, mode:FULL, rate:0
2026-07-05 22:52:19, EXEC, v:1, k:ed@soma, mode:FULL, rate:0
2026-07-05 22:52:21, EXEC, v:1, k:ed@soma, mode:FULL, rate:0
2026-07-05 22:52:22, EXEC, v:1, k:ed@soma, mode:FULL, rate:0
2026-07-05 22:52:24, EXEC, v:1, k:ed@soma, mode:FULL, rate:0
2026-07-05 22:52:25, EXEC, v:1, k:ed@soma, mode:FULL, rate:0
2026-07-05 22:52:27, EXEC, v:1, k:ed@soma, mode:FULL, rate:0
2026-07-05 22:52:28, EXEC, v:1, k:ed@soma, mode:FULL, rate:0
2026-07-05 22:52:32, EXEC, v:1, k:ed@soma, mode:FULL, rate:0
2026-07-05 22:52:37, EXEC, v:1, k:ed@soma, mode:FULL, rate:0
2026-07-05 22:52:38, EXEC, v:1, k:ed@soma, mode:FULL, rate:0
2026-07-05 22:52:39, EXEC, v:1, k:ed@soma, mode:FULL, rate:0
2026-07-05 22:52:40, EXEC, v:1, k:ed@soma, mode:FULL, rate:0
2026-07-05 22:52:40, MOVE, v:1, k:ed@soma, mode:EDIT
2026-07-05 22:54:55, EXEC, v:1, k:ed@soma, mode:FULL, rate:0
2026-07-05 22:54:56, EXEC, v:1, k:ed@soma, mode:FULL, rate:0
2026-07-05 22:55:02, EXEC, v:1, k:ed@soma, mode:FULL, rate:0
2026-07-05 22:55:04, EXEC, v:1, k:ed@soma, mode:FULL, rate:0
2026-07-05 22:55:06, EXEC, v:1, k:ed@soma, mode:FULL, rate:0
2026-07-05 22:55:24, EXEC, v:1, k:ed@soma, mode:FULL, rate:0
2026-07-05 22:55:25, EXEC, v:1, k:ed@soma, mode:FULL, rate:0
2026-07-05 22:55:38, EXEC, v:1, k:ed@soma, mode:FULL, rate:0
2026-07-05 22:55:39, EXEC, v:1, k:ed@soma, mode:FULL, rate:0
2026-07-05 22:55:59, EXEC, v:1, k:ed@soma, mode:FULL, rate:0
2026-07-05 22:56:31, EXEC, v:1, k:ed@soma, mode:FULL, rate:0
2026-07-05 22:56:32, EXEC, v:1, k:ed@soma, mode:FULL, rate:0
2026-07-05 22:56:33, EXEC, v:1, k:ed@soma, mode:FULL, rate:0
2026-07-05 22:56:47, EXEC, v:1, k:ed@soma, mode:FULL, rate:0
2026-07-05 22:57:17, EXEC, v:1, k:ed@soma, mode:FULL, rate:0
2026-07-05 22:57:23, EXEC, v:1, k:ed@soma, mode:FULL, rate:0
2026-07-05 22:57:39, EXEC, v:1, k:ed@soma, mode:FULL, rate:0
2026-07-05 22:57:40, EXEC, v:1, k:ed@soma, mode:FULL, rate:0
2026-07-05 22:57:40, MOVE, v:1, k:ed@soma, mode:EDIT
2026-07-05 23:00:15, EXEC, v:1, k:ed@soma, mode:FULL, rate:0
2026-07-05 23:01:09, EXEC, v:1, k:ed@soma, mode:FULL, rate:0
2026-07-05 23:01:12, EXEC, v:1, k:ed@soma, mode:FULL, rate:0
2026-07-05 23:01:12, EXEC, v:1, k:ed@soma, mode:FULL, rate:0
2026-07-05 23:01:13, EXEC, v:1, k:ed@soma, mode:FULL, rate:0
2026-07-05 23:01:13, MOVE, v:1, k:ed@soma, mode:EDIT
2026-07-05 23:03:15, EXEC, v:1, k:ed@soma, mode:FULL, rate:0
2026-07-05 23:03:16, EXEC, v:1, k:ed@soma, mode:FULL, rate:0
2026-07-05 23:03:17, EXEC, v:1, k:ed@soma, mode:FULL, rate:0
2026-07-05 23:03:17, EXEC, v:1, k:ed@soma, mode:FULL, rate:0
2026-07-05 23:03:18, EXEC, v:1, k:ed@soma, mode:FULL, rate:0
2026-07-05 23:03:18, MOVE, v:1, k:ed@soma, mode:EDIT
2026-07-05 23:09:10, EXEC, v:1, k:ed@soma, mode:FULL, rate:0
2026-07-05 23:09:10, EXEC, v:1, k:ed@soma, mode:FULL, rate:0
2026-07-05 23:09:24, EXEC, v:1, k:ed@soma, mode:FULL, rate:0
2026-07-05 23:09:34, EXEC, v:1, k:ed@soma, mode:FULL, rate:0
2026-07-05 23:09:47, EXEC, v:1, k:ed@soma, mode:FULL, rate:0
2026-07-05 23:10:05, EXEC, v:1, k:ed@soma, mode:FULL, rate:0
2026-07-05 23:10:09, EXEC, v:1, k:ed@soma, mode:FULL, rate:0
2026-07-05 23:10:46, EXEC, v:1, k:ed@soma, mode:FULL, rate:0
2026-07-05 23:11:48, EXEC, v:1, k:ed@soma, mode:FULL, rate:0
2026-07-05 23:11:51, EXEC, v:1, k:ed@soma, mode:FULL, rate:0
2026-07-05 23:11:57, EXEC, v:1, k:ed@soma, mode:FULL, rate:0
2026-07-05 23:12:01, EXEC, v:1, k:ed@soma, mode:FULL, rate:0
2026-07-05 23:12:02, EXEC, v:1, k:ed@soma, mode:FULL, rate:0
2026-07-05 23:12:08, EXEC, v:1, k:ed@soma, mode:FULL, rate:0
2026-07-05 23:12:09, EXEC, v:1, k:ed@soma, mode:FULL, rate:0
2026-07-05 23:12:27, EXEC, v:1, k:ed@soma, mode:FULL, rate:0
2026-07-05 23:12:27, EXEC, v:1, k:ed@soma, mode:FULL, rate:0
2026-07-05 23:12:28, EXEC, v:1, k:ed@soma, mode:FULL, rate:0
2026-07-05 23:12:30, EXEC, v:1, k:ed@soma, mode:FULL, rate:0
2026-07-05 23:12:31, EXEC, v:1, k:ed@soma, mode:FULL, rate:0
2026-07-05 23:12:32, EXEC, v:1, k:ed@soma, mode:FULL, rate:0
2026-07-05 23:12:34, EXEC, v:1, k:ed@soma, mode:FULL, rate:0
2026-07-05 23:12:39, EXEC, v:1, k:ed@soma, mode:FULL, rate:0
2026-07-05 23:12:43, EXEC, v:1, k:ed@soma, mode:FULL, rate:0
2026-07-05 23:12:43, MOVE, v:1, k:ed@soma, mode:EDIT
2026-07-05 23:12:48, EXEC, v:1, k:ed@soma, mode:FULL, rate:0
2026-07-05 23:12:55, EXEC, v:1, k:ed@soma, mode:FULL, rate:0
2026-07-05 23:12:57, EXEC, v:1, k:ed@soma, mode:FULL, rate:0
2026-07-05 23:13:01, EXEC, v:1, k:ed@soma, mode:FULL, rate:0
2026-07-05 23:13:56, EXEC, v:1, k:ed@soma, mode:FULL, rate:0
2026-07-05 23:13:59, EXEC, v:1, k:ed@soma, mode:FULL, rate:0
2026-07-05 23:14:01, EXEC, v:1, k:ed@soma, mode:FULL, rate:0
2026-07-05 23:14:02, EXEC, v:1, k:ed@soma, mode:FULL, rate:0
2026-07-05 23:14:38, EXEC, v:1, k:ed@soma, mode:FULL, rate:0
2026-07-05 23:14:38, MOVE, v:1, k:ed@soma, mode:EDIT
2026-07-05 23:21:35, EXEC, v:1, k:ed@soma, mode:FULL, rate:0
2026-07-05 23:21:52, EXEC, v:1, k:ed@soma, mode:FULL, rate:0
2026-07-05 23:22:10, EXEC, v:1, k:ed@soma, mode:FULL, rate:0
2026-07-05 23:22:11, EXEC, v:1, k:ed@soma, mode:FULL, rate:0
2026-07-05 23:22:11, MOVE, v:1, k:ed@soma, mode:EDIT
2026-07-05 23:54:54, EXEC, v:1, k:ed@soma, mode:FULL, rate:0
2026-07-05 23:55:34, EXEC, v:1, k:ed@soma, mode:FULL, rate:0
2026-07-05 23:55:38, EXEC, v:1, k:ed@soma, mode:FULL, rate:0
2026-07-05 23:55:47, EXEC, v:1, k:ed@soma, mode:FULL, rate:0
2026-07-05 23:56:29, EXEC, v:1, k:ed@soma, mode:FULL, rate:0
2026-07-05 23:56:30, EXEC, v:1, k:ed@soma, mode:FULL, rate:0
2026-07-05 23:57:08, EXEC, v:1, k:ed@soma, mode:FULL, rate:0
2026-07-05 23:57:08, MOVE, v:1, k:ed@soma, mode:EDIT
2026-07-05 23:57:50, EXEC, v:1, k:ed@soma, mode:FULL, rate:0
2026-07-05 23:57:54, EXEC, v:1, k:ed@soma, mode:FULL, rate:0
2026-07-05 23:57:55, EXEC, v:1, k:ed@soma, mode:FULL, rate:0
2026-07-05 23:59:16, EXEC, v:1, k:ed@soma, mode:FULL, rate:0
2026-07-05 23:59:18, EXEC, v:1, k:ed@soma, mode:FULL, rate:0
2026-07-05 23:59:54, EXEC, v:1, k:ed@soma, mode:FULL, rate:0
