2026-05-18 23:00:16, MOVE, v:1, k:ed@distancia, mode:DOWN
2026-05-18 23:00:16, MOVE, v:1, k:ed@distancia, mode:EDIT
2026-05-18 23:00:16, MOVE, v:1, k:ed@distancia, mode:EDIT
2026-05-18 23:02:34, MOVE, v:1, k:ed@distancia, mode:PICK
2026-05-18 23:03:12, MOVE, v:1, k:ed@distancia, mode:BACK
2026-05-18 23:06:07, MOVE, v:1, k:ed@distancia, mode:EDIT
2026-05-18 23:10:33, MOVE, v:1, k:ed@distancia, mode:EDIT
2026-05-18 23:15:56, MOVE, v:1, k:ed@distancia, mode:EDIT
2026-05-18 23:20:05, MOVE, v:1, k:ed@distancia, mode:PICK
2026-05-18 23:20:08, EXEC, v:1, k:ed@distancia, mode:FULL, rate:0, size:24
2026-05-18 23:21:06, MOVE, v:1, k:ed@distancia, mode:EDIT
2026-05-18 23:20:08, MOVE, v:1, k:ed@distancia, mode:EDIT
2026-05-18 23:21:46, EXEC, v:1, k:ed@distancia, mode:FULL, rate:0, size:24
2026-05-18 23:26:04, MOVE, v:1, k:ed@distancia, mode:EDIT
2026-05-18 23:21:45, MOVE, v:1, k:ed@distancia, mode:EDIT
2026-05-18 23:26:15, EXEC, v:1, k:ed@distancia, mode:FULL, rate:0, size:21
2026-05-18 23:26:55, MOVE, v:1, k:ed@distancia, mode:EDIT
2026-05-18 23:26:15, MOVE, v:1, k:ed@distancia, mode:EDIT
2026-05-18 23:35:59, MOVE, v:1, k:ed@distancia, mode:EDIT
2026-05-18 23:41:00, MOVE, v:1, k:ed@distancia, mode:EDIT
2026-05-18 23:41:47, EXEC, v:1, k:ed@distancia, mode:FULL, rate:0, size:47
2026-05-18 23:42:15, EXEC, v:1, k:ed@distancia, mode:FULL, rate:0, size:47
2026-05-18 23:42:20, EXEC, v:1, k:ed@distancia, mode:FULL, rate:0
2026-05-18 23:42:12, MOVE, v:1, k:ed@distancia, mode:EDIT
2026-05-18 23:42:20, MOVE, v:1, k:ed@distancia, mode:EDIT
2026-05-18 23:48:48, EXEC, v:1, k:ed@distancia, mode:FULL, rate:14, size:47
2026-05-18 23:49:27, EXEC, v:1, k:ed@distancia, mode:FULL, rate:28, size:47
2026-05-18 23:49:25, MOVE, v:1, k:ed@distancia, mode:EDIT
2026-05-18 23:49:27, MOVE, v:1, k:ed@distancia, mode:EDIT
2026-05-18 23:55:35, EXEC, v:1, k:ed@distancia, mode:FULL, rate:28, size:43
2026-05-18 23:55:33, MOVE, v:1, k:ed@distancia, mode:EDIT
2026-05-18 23:55:35, MOVE, v:1, k:ed@distancia, mode:EDIT
2026-05-18 23:59:18, EXEC, v:1, k:ed@distancia, mode:FULL, rate:28, size:57
2026-05-18 23:59:18, MOVE, v:1, k:ed@distancia, mode:EDIT
