2026-05-20 13:28:49, MOVE, v:1, k:ed@distancia, mode:PICK
2026-05-20 13:29:07, EXEC, v:1, k:ed@distancia, mode:FULL, rate:28
2026-05-20 13:29:06, MOVE, v:1, k:ed@distancia, mode:EDIT
2026-05-20 13:35:59, MOVE, v:1, k:ed@distancia, mode:BACK
2026-05-20 13:37:13, MOVE, v:1, k:ed@distancia, mode:PICK
2026-05-20 13:38:14, EXEC, v:1, k:ed@distancia, mode:FULL, rate:28
2026-05-20 13:38:14, MOVE, v:1, k:ed@distancia, mode:EDIT
2026-05-20 13:38:14, MOVE, v:1, k:ed@distancia, mode:EDIT
2026-05-20 13:43:09, EXEC, v:1, k:ed@distancia, mode:FULL, rate:0, size:57
2026-05-20 13:43:20, EXEC, v:1, k:ed@distancia, mode:FULL, rate:28, size:57
2026-05-20 13:43:20, MOVE, v:1, k:ed@distancia, mode:EDIT
2026-05-20 13:43:20, MOVE, v:1, k:ed@distancia, mode:EDIT
2026-05-20 13:46:11, EXEC, v:1, k:ed@distancia, mode:FULL, rate:0, size:57
2026-05-20 13:46:20, EXEC, v:1, k:ed@distancia, mode:FULL, rate:28, size:57
2026-05-20 13:48:11, EXEC, v:1, k:ed@distancia, mode:FULL, rate:0, size:58
2026-05-20 13:48:10, MOVE, v:1, k:ed@distancia, mode:EDIT
2026-05-20 13:48:10, MOVE, v:1, k:ed@distancia, mode:EDIT
2026-05-20 13:48:49, EXEC, v:1, k:ed@distancia, mode:FULL, rate:0, size:57
2026-05-20 13:48:47, MOVE, v:1, k:ed@distancia, mode:EDIT
2026-05-20 13:48:49, MOVE, v:1, k:ed@distancia, mode:EDIT
2026-05-20 13:56:55, MOVE, v:1, k:ed@distancia, mode:EDIT
2026-05-20 14:16:00, MOVE, v:1, k:ed@distancia, mode:BACK
2026-05-20 14:18:26, MOVE, v:1, k:ed@distancia, mode:EDIT
2026-05-20 14:19:18, MOVE, v:1, k:ed@distancia, mode:PICK
2026-05-20 14:19:19, EXEC, v:1, k:ed@distancia, mode:FULL, rate:0, size:69
2026-05-20 14:21:46, EXEC, v:1, k:ed@distancia, mode:FULL, rate:0, size:70
2026-05-20 14:21:46, MOVE, v:1, k:ed@distancia, mode:EDIT
2026-05-20 14:21:52, MOVE, v:1, k:ed@distancia, mode:EDIT
