2026-05-26 00:15:01, MOVE, v:1, k:ed@distancia, mode:PICK
2026-05-26 00:15:04, EXEC, v:1, k:ed@distancia, mode:FULL, rate:28, size:59
2026-05-26 00:16:25, EXEC, v:1, k:ed@distancia, mode:FULL, rate:100, size:59
2026-05-26 00:16:35, MOVE, v:1, k:ed@distancia, mode:BACK
2026-05-26 00:16:19, MOVE, v:1, k:ed@distancia, mode:EDIT
2026-05-26 00:16:24, MOVE, v:1, k:ed@distancia, mode:EDIT
2026-05-26 00:17:03, SELF, v:1, k:ed@distancia, self:1, rate:100, study:130, code:1
2026-05-26 00:18:28, MOVE, v:1, k:ed@editorint, mode:PICK
2026-05-26 00:18:38, EXEC, v:1, k:ed@editorint, mode:LOCK, rate:0, size:331
2026-05-26 00:20:05, MOVE, v:1, k:ed@editorint, mode:BACK
2026-05-26 00:20:49, MOVE, v:1, k:ed@editorint, mode:PICK
2026-05-26 00:21:23, EXEC, v:1, k:ed@editorint, mode:FREE
2026-05-26 00:21:23, MOVE, v:1, k:ed@editorint, mode:EDIT
2026-05-26 00:25:11, MOVE, v:1, k:ed@editorint, mode:EDIT
2026-05-26 00:26:32, EXEC, v:1, k:ed@editorint, mode:FREE
2026-05-26 00:30:07, EXEC, v:1, k:ed@editorint, mode:FREE
2026-05-26 00:29:41, MOVE, v:1, k:ed@editorint, mode:EDIT
2026-05-26 00:30:08, MOVE, v:1, k:ed@editorint, mode:EDIT
2026-05-26 00:32:05, EXEC, v:1, k:ed@editorint, mode:FREE
2026-05-26 00:35:40, MOVE, v:1, k:ed@editorint, mode:EDIT
2026-05-26 00:32:06, MOVE, v:1, k:ed@editorint, mode:EDIT
2026-05-26 00:36:57, EXEC, v:1, k:ed@editorint, mode:FREE
2026-05-26 00:38:08, MOVE, v:1, k:ed@editorint, mode:BACK
2026-05-26 00:38:55, SELF, v:1, k:ed@editorint, self:1, rate:100, study:140, guided:1, problem:1
2026-05-26 00:39:31, MOVE, v:1, k:ed@wordsearch, mode:DOWN
2026-05-26 00:36:13, MOVE, v:1, k:ed@editorint, mode:EDIT
2026-05-26 00:36:57, MOVE, v:1, k:ed@editorint, mode:EDIT
2026-05-26 00:39:31, MOVE, v:1, k:ed@wordsearch, mode:EDIT
2026-05-26 00:39:31, MOVE, v:1, k:ed@wordsearch, mode:EDIT
2026-05-26 00:39:31, MOVE, v:1, k:ed@wordsearch, mode:EDIT
2026-05-26 00:39:31, MOVE, v:1, k:ed@wordsearch, mode:EDIT
2026-05-26 00:41:39, MOVE, v:1, k:ed@wordsearch, mode:PICK
2026-05-26 00:41:40, EXEC, v:1, k:ed@wordsearch, mode:FULL, rate:25, size:62
2026-05-26 00:43:54, EXEC, v:1, k:ed@wordsearch, mode:FULL, size:70, fail:COMP
2026-05-26 00:41:40, MOVE, v:1, k:ed@wordsearch, mode:EDIT
2026-05-26 00:45:40, MOVE, v:1, k:ed@wordsearch, mode:EDIT
2026-05-26 00:48:51, EXEC, v:1, k:ed@wordsearch, mode:FULL, rate:25, size:95
2026-05-26 00:49:35, EXEC, v:1, k:ed@wordsearch, mode:FULL, rate:100, size:95
2026-05-26 00:49:45, EXEC, v:1, k:ed@wordsearch, mode:FULL, rate:25, size:95
2026-05-26 00:49:41, MOVE, v:1, k:ed@wordsearch, mode:EDIT
2026-05-26 00:49:45, MOVE, v:1, k:ed@wordsearch, mode:EDIT
2026-05-26 01:04:48, EXEC, v:1, k:ed@wordsearch, mode:FULL, rate:25
2026-05-26 01:04:48, MOVE, v:1, k:ed@wordsearch, mode:EDIT
2026-05-26 01:17:01, EXEC, v:1, k:ed@wordsearch, mode:FULL, rate:25
2026-05-26 01:17:01, MOVE, v:1, k:ed@wordsearch, mode:EDIT
2026-05-26 01:23:03, EXEC, v:1, k:ed@wordsearch, mode:FULL, rate:25
2026-05-26 01:23:03, MOVE, v:1, k:ed@wordsearch, mode:EDIT
2026-05-26 01:41:13, EXEC, v:1, k:ed@wordsearch, mode:FULL, rate:25
2026-05-26 01:41:25, EXEC, v:1, k:ed@wordsearch, mode:FULL, rate:100, size:95
2026-05-26 01:41:27, MOVE, v:1, k:ed@wordsearch, mode:BACK
2026-05-26 01:42:01, SELF, v:1, k:ed@wordsearch, self:1, rate:100, study:61, problem:1
2026-05-26 01:42:12, MOVE, v:1, k:ed@subset_sum, mode:DOWN
2026-05-26 01:42:12, MOVE, v:1, k:ed@subset_sum, mode:EDIT
2026-05-26 01:42:12, MOVE, v:1, k:ed@subset_sum, mode:EDIT
2026-05-26 01:42:12, MOVE, v:1, k:ed@subset_sum, mode:EDIT
2026-05-26 01:56:32, MOVE, v:1, k:ed@subset_sum, mode:EDIT
2026-05-26 01:57:39, MOVE, v:1, k:ed@subset_sum, mode:EDIT
2026-05-26 02:05:54, MOVE, v:1, k:ed@subset_sum, mode:PICK
2026-05-26 02:06:34, EXEC, v:1, k:ed@subset_sum, mode:FULL, rate:0, size:30
2026-05-26 02:06:30, MOVE, v:1, k:ed@subset_sum, mode:EDIT
2026-05-26 02:06:31, MOVE, v:1, k:ed@subset_sum, mode:EDIT
2026-05-26 02:06:45, EXEC, v:1, k:ed@subset_sum, mode:FULL, rate:0, size:30
2026-05-26 02:07:14, EXEC, v:1, k:ed@subset_sum, mode:FULL, rate:70, size:30
2026-05-26 02:11:20, EXEC, v:1, k:ed@subset_sum, mode:FULL, rate:100, size:30
2026-05-26 02:11:23, MOVE, v:1, k:ed@subset_sum, mode:BACK
2026-05-26 02:13:51, SELF, v:1, k:ed@subset_sum, self:1, rate:100, study:30, problem:1
2026-05-26 13:15:07, MOVE, v:1, k:ed@ilhas, mode:DOWN
