2026-06-17 01:21:52, MOVE, v:1, k:ed@formatada, mode:PICK
2026-06-17 01:21:53, EXEC, v:1, k:ed@formatada, mode:FULL, rate:100, size:84
2026-06-17 01:21:57, MOVE, v:1, k:ed@formatada, mode:BACK
2026-06-17 01:22:20, MOVE, v:1, k:ed@formatada, mode:PICK
2026-06-17 01:22:21, EXEC, v:1, k:ed@formatada, mode:FULL, rate:28, size:84
2026-06-17 01:22:23, EXEC, v:1, k:ed@formatada, mode:FULL, rate:28
2026-06-17 01:22:24, EXEC, v:1, k:ed@formatada, mode:FULL, rate:28
2026-06-17 01:22:37, EXEC, v:1, k:ed@formatada, mode:FULL, rate:28
2026-06-17 01:22:40, EXEC, v:1, k:ed@formatada, mode:FULL, rate:28
2026-06-17 01:22:42, EXEC, v:1, k:ed@formatada, mode:FULL, rate:28
2026-06-17 01:22:49, EXEC, v:1, k:ed@formatada, mode:FULL, rate:28
2026-06-17 01:22:51, EXEC, v:1, k:ed@formatada, mode:FULL, rate:28
2026-06-17 01:22:52, EXEC, v:1, k:ed@formatada, mode:FULL, rate:28
2026-06-17 01:22:55, EXEC, v:1, k:ed@formatada, mode:FULL, rate:28
2026-06-17 01:23:00, EXEC, v:1, k:ed@formatada, mode:FULL, rate:28
2026-06-17 01:23:07, EXEC, v:1, k:ed@formatada, mode:FULL, rate:28
2026-06-17 01:23:08, EXEC, v:1, k:ed@formatada, mode:FULL, rate:28
2026-06-17 01:23:09, EXEC, v:1, k:ed@formatada, mode:FULL, rate:28
2026-06-17 01:23:11, EXEC, v:1, k:ed@formatada, mode:FULL, rate:28
2026-06-17 01:23:12, EXEC, v:1, k:ed@formatada, mode:FULL, rate:28
2026-06-17 01:23:12, EXEC, v:1, k:ed@formatada, mode:FULL, rate:28
2026-06-17 01:23:13, EXEC, v:1, k:ed@formatada, mode:FULL, rate:28
2026-06-17 01:23:14, EXEC, v:1, k:ed@formatada, mode:FULL, rate:28
2026-06-17 01:23:17, EXEC, v:1, k:ed@formatada, mode:FULL, rate:28
2026-06-17 01:23:18, EXEC, v:1, k:ed@formatada, mode:FULL, rate:28
2026-06-17 01:23:19, EXEC, v:1, k:ed@formatada, mode:FULL, rate:28
2026-06-17 01:23:19, EXEC, v:1, k:ed@formatada, mode:FULL, rate:28
2026-06-17 01:23:20, EXEC, v:1, k:ed@formatada, mode:FULL, rate:28
2026-06-17 01:23:25, EXEC, v:1, k:ed@formatada, mode:FULL, rate:28
2026-06-17 01:23:37, EXEC, v:1, k:ed@formatada, mode:FULL, rate:14, size:84
2026-06-17 01:23:38, EXEC, v:1, k:ed@formatada, mode:FULL, rate:14
2026-06-17 01:23:56, EXEC, v:1, k:ed@formatada, mode:FULL, rate:14
2026-06-17 01:24:02, EXEC, v:1, k:ed@formatada, mode:FULL, rate:14
2026-06-17 01:24:09, EXEC, v:1, k:ed@formatada, mode:FULL, rate:14
2026-06-17 01:24:16, EXEC, v:1, k:ed@formatada, mode:FULL, rate:14
2026-06-17 01:24:29, EXEC, v:1, k:ed@formatada, mode:FULL, rate:14
2026-06-17 01:24:44, EXEC, v:1, k:ed@formatada, mode:FULL, rate:14
2026-06-17 01:24:54, EXEC, v:1, k:ed@formatada, mode:FULL, rate:14
2026-06-17 01:25:17, EXEC, v:1, k:ed@formatada, mode:FULL, rate:14
2026-06-17 01:25:16, MOVE, v:1, k:ed@formatada, mode:EDIT
2026-06-17 01:23:36, MOVE, v:1, k:ed@formatada, mode:EDIT
2026-06-17 01:25:38, EXEC, v:1, k:ed@formatada, mode:FULL, rate:14
2026-06-17 01:25:54, EXEC, v:1, k:ed@formatada, mode:FULL, rate:14
2026-06-17 01:26:07, EXEC, v:1, k:ed@formatada, mode:FULL, rate:14
2026-06-17 01:26:28, EXEC, v:1, k:ed@formatada, mode:FULL, rate:14
2026-06-17 01:27:14, EXEC, v:1, k:ed@formatada, mode:FULL, rate:14
2026-06-17 01:27:26, EXEC, v:1, k:ed@formatada, mode:FULL, rate:14
2026-06-17 01:27:26, MOVE, v:1, k:ed@formatada, mode:EDIT
2026-06-17 01:34:25, EXEC, v:1, k:ed@formatada, mode:FULL, rate:14
2026-06-17 01:34:25, MOVE, v:1, k:ed@formatada, mode:EDIT
2026-06-17 01:36:17, EXEC, v:1, k:ed@formatada, mode:FULL, rate:14
2026-06-17 01:36:17, MOVE, v:1, k:ed@formatada, mode:EDIT
2026-06-17 01:45:27, EXEC, v:1, k:ed@formatada, mode:FULL, rate:14
2026-06-17 01:45:30, EXEC, v:1, k:ed@formatada, mode:FULL, rate:14
2026-06-17 01:47:09, EXEC, v:1, k:ed@formatada, mode:FULL, rate:14
2026-06-17 01:47:10, EXEC, v:1, k:ed@formatada, mode:FULL, rate:14
2026-06-17 01:47:47, EXEC, v:1, k:ed@formatada, mode:FULL, rate:14
2026-06-17 01:47:47, MOVE, v:1, k:ed@formatada, mode:EDIT
2026-06-17 01:52:02, EXEC, v:1, k:ed@formatada, mode:FULL, rate:14
2026-06-17 01:52:28, EXEC, v:1, k:ed@formatada, mode:FULL, rate:14
2026-06-17 01:52:55, EXEC, v:1, k:ed@formatada, mode:FULL, rate:14, size:84
2026-06-17 01:52:56, EXEC, v:1, k:ed@formatada, mode:FULL, rate:14
2026-06-17 01:52:56, MOVE, v:1, k:ed@formatada, mode:EDIT
2026-06-17 01:52:51, MOVE, v:1, k:ed@formatada, mode:EDIT
2026-06-17 02:04:20, EXEC, v:1, k:ed@formatada, mode:FULL, rate:14
2026-06-17 02:04:20, MOVE, v:1, k:ed@formatada, mode:EDIT
2026-06-17 02:08:32, EXEC, v:1, k:ed@formatada, mode:FULL, rate:14
2026-06-17 02:09:19, EXEC, v:1, k:ed@formatada, mode:FULL, rate:14
2026-06-17 02:09:58, EXEC, v:1, k:ed@formatada, mode:FULL, rate:14
2026-06-17 02:09:58, MOVE, v:1, k:ed@formatada, mode:EDIT
2026-06-17 02:12:20, EXEC, v:1, k:ed@formatada, mode:FULL, rate:14
2026-06-17 02:12:20, MOVE, v:1, k:ed@formatada, mode:EDIT
2026-06-17 02:28:20, EXEC, v:1, k:ed@formatada, mode:FULL, rate:14
2026-06-17 02:28:38, EXEC, v:1, k:ed@formatada, mode:FULL, rate:28, size:84
2026-06-17 02:28:48, EXEC, v:1, k:ed@formatada, mode:FULL, rate:100, size:84
2026-06-17 02:28:50, MOVE, v:1, k:ed@formatada, mode:BACK
2026-06-17 02:58:33, MOVE, v:1, k:ed@inverter, mode:PICK
2026-06-17 02:58:34, EXEC, v:1, k:ed@inverter, mode:FULL, rate:100, size:77
2026-06-17 02:58:35, MOVE, v:1, k:ed@inverter, mode:BACK
2026-06-17 02:58:51, MOVE, v:1, k:ed@inverter, mode:PICK
2026-06-17 02:58:52, EXEC, v:1, k:ed@inverter, mode:FULL, rate:16, size:77
2026-06-17 02:58:55, EXEC, v:1, k:ed@inverter, mode:FULL, rate:16
2026-06-17 02:58:55, EXEC, v:1, k:ed@inverter, mode:FULL, rate:16
2026-06-17 02:58:49, MOVE, v:1, k:ed@inverter, mode:EDIT
2026-06-17 02:58:55, MOVE, v:1, k:ed@inverter, mode:EDIT
2026-06-17 03:01:42, EXEC, v:1, k:ed@inverter, mode:FULL, rate:16
2026-06-17 03:01:43, EXEC, v:1, k:ed@inverter, mode:FULL, rate:16
2026-06-17 03:01:44, EXEC, v:1, k:ed@inverter, mode:FULL, rate:16
2026-06-17 03:03:54, EXEC, v:1, k:ed@inverter, mode:FULL, rate:16
2026-06-17 03:03:54, MOVE, v:1, k:ed@inverter, mode:EDIT
2026-06-17 03:04:16, EXEC, v:1, k:ed@inverter, mode:FULL, rate:16
2026-06-17 03:04:18, EXEC, v:1, k:ed@inverter, mode:FULL, rate:16
2026-06-17 03:04:24, EXEC, v:1, k:ed@inverter, mode:FULL, rate:16
2026-06-17 03:04:24, EXEC, v:1, k:ed@inverter, mode:FULL, rate:16
2026-06-17 03:05:47, EXEC, v:1, k:ed@inverter, mode:FULL, rate:16
2026-06-17 03:05:59, EXEC, v:1, k:ed@inverter, mode:FULL, rate:100, size:77
2026-06-17 03:06:00, MOVE, v:1, k:ed@inverter, mode:BACK
2026-06-17 16:33:48, MOVE, v:1, k:ed@inverter, mode:PICK
2026-06-17 16:33:50, EXEC, v:1, k:ed@inverter, mode:FULL, rate:16, size:77
2026-06-17 16:33:57, EXEC, v:1, k:ed@inverter, mode:FULL, rate:16
2026-06-17 16:33:46, MOVE, v:1, k:ed@inverter, mode:EDIT
2026-06-17 16:33:57, MOVE, v:1, k:ed@inverter, mode:EDIT
2026-06-17 16:38:14, EXEC, v:1, k:ed@inverter, mode:FULL, rate:16
2026-06-17 16:38:36, EXEC, v:1, k:ed@inverter, mode:FULL, rate:16
2026-06-17 16:38:38, EXEC, v:1, k:ed@inverter, mode:FULL, rate:16
2026-06-17 16:38:39, EXEC, v:1, k:ed@inverter, mode:FULL, rate:16
2026-06-17 16:38:40, EXEC, v:1, k:ed@inverter, mode:FULL, rate:16
2026-06-17 16:38:44, EXEC, v:1, k:ed@inverter, mode:FULL, rate:16
2026-06-17 16:38:45, EXEC, v:1, k:ed@inverter, mode:FULL, rate:16
2026-06-17 16:38:47, EXEC, v:1, k:ed@inverter, mode:FULL, rate:16
2026-06-17 16:38:47, EXEC, v:1, k:ed@inverter, mode:FULL, rate:16
2026-06-17 16:38:48, EXEC, v:1, k:ed@inverter, mode:FULL, rate:16
2026-06-17 16:38:49, EXEC, v:1, k:ed@inverter, mode:FULL, rate:16
2026-06-17 16:38:50, EXEC, v:1, k:ed@inverter, mode:FULL, rate:16
2026-06-17 16:38:50, EXEC, v:1, k:ed@inverter, mode:FULL, rate:16
2026-06-17 16:38:54, EXEC, v:1, k:ed@inverter, mode:FULL, rate:16
2026-06-17 16:38:59, EXEC, v:1, k:ed@inverter, mode:FULL, rate:16
2026-06-17 16:39:00, EXEC, v:1, k:ed@inverter, mode:FULL, rate:16
2026-06-17 16:39:01, EXEC, v:1, k:ed@inverter, mode:FULL, rate:16
2026-06-17 16:39:02, EXEC, v:1, k:ed@inverter, mode:FULL, rate:16
2026-06-17 16:39:03, EXEC, v:1, k:ed@inverter, mode:FULL, rate:16
2026-06-17 16:39:04, EXEC, v:1, k:ed@inverter, mode:FULL, rate:16
2026-06-17 16:39:04, EXEC, v:1, k:ed@inverter, mode:FULL, rate:16
2026-06-17 16:40:57, EXEC, v:1, k:ed@inverter, mode:FULL, rate:16
2026-06-17 16:41:05, EXEC, v:1, k:ed@inverter, mode:FULL, rate:16
2026-06-17 16:41:21, EXEC, v:1, k:ed@inverter, mode:FULL, rate:16
2026-06-17 16:41:35, EXEC, v:1, k:ed@inverter, mode:FULL, rate:16
2026-06-17 16:42:09, EXEC, v:1, k:ed@inverter, mode:FULL, rate:16
2026-06-17 16:42:09, MOVE, v:1, k:ed@inverter, mode:EDIT
2026-06-17 16:43:48, EXEC, v:1, k:ed@inverter, mode:FULL, rate:16
2026-06-17 16:43:48, MOVE, v:1, k:ed@inverter, mode:EDIT
2026-06-17 16:50:02, EXEC, v:1, k:ed@inverter, mode:FULL, rate:16
2026-06-17 16:50:01, MOVE, v:1, k:ed@inverter, mode:EDIT
2026-06-17 16:53:18, EXEC, v:1, k:ed@inverter, mode:FULL, rate:16
2026-06-17 16:53:18, EXEC, v:1, k:ed@inverter, mode:FULL, rate:16
2026-06-17 16:53:45, EXEC, v:1, k:ed@inverter, mode:FULL, rate:16
2026-06-17 16:53:47, EXEC, v:1, k:ed@inverter, mode:FULL, rate:16
2026-06-17 16:53:47, EXEC, v:1, k:ed@inverter, mode:FULL, rate:16
2026-06-17 16:53:47, MOVE, v:1, k:ed@inverter, mode:EDIT
2026-06-17 17:05:29, EXEC, v:1, k:ed@inverter, mode:FULL, rate:16
2026-06-17 17:05:34, EXEC, v:1, k:ed@inverter, mode:FULL, rate:16
2026-06-17 17:05:51, EXEC, v:1, k:ed@inverter, mode:FULL, rate:16
2026-06-17 17:06:00, EXEC, v:1, k:ed@inverter, mode:FULL, rate:16
2026-06-17 17:06:11, EXEC, v:1, k:ed@inverter, mode:FULL, rate:16
2026-06-17 17:06:33, EXEC, v:1, k:ed@inverter, mode:FULL, rate:16
2026-06-17 17:06:46, EXEC, v:1, k:ed@inverter, mode:FULL, rate:16
2026-06-17 17:06:58, EXEC, v:1, k:ed@inverter, mode:FULL, rate:16
2026-06-17 17:07:08, EXEC, v:1, k:ed@inverter, mode:FULL, rate:16
2026-06-17 17:07:14, EXEC, v:1, k:ed@inverter, mode:FULL, rate:16
2026-06-17 17:08:09, EXEC, v:1, k:ed@inverter, mode:FULL, rate:16
2026-06-17 17:08:10, EXEC, v:1, k:ed@inverter, mode:FULL, rate:16
2026-06-17 17:08:11, EXEC, v:1, k:ed@inverter, mode:FULL, rate:16
2026-06-17 17:08:12, EXEC, v:1, k:ed@inverter, mode:FULL, rate:16
2026-06-17 17:08:12, MOVE, v:1, k:ed@inverter, mode:EDIT
2026-06-17 17:08:14, EXEC, v:1, k:ed@inverter, mode:FULL, rate:16
2026-06-17 17:08:17, EXEC, v:1, k:ed@inverter, mode:FULL, rate:16
2026-06-17 17:09:12, EXEC, v:1, k:ed@inverter, mode:FULL, rate:16
2026-06-17 17:10:54, EXEC, v:1, k:ed@inverter, mode:FULL, rate:16
2026-06-17 17:11:55, EXEC, v:1, k:ed@inverter, mode:FULL, rate:16
2026-06-17 17:11:55, MOVE, v:1, k:ed@inverter, mode:EDIT
2026-06-17 17:14:52, EXEC, v:1, k:ed@inverter, mode:FULL, rate:16
2026-06-17 17:15:24, EXEC, v:1, k:ed@inverter, mode:FULL, rate:16
2026-06-17 17:15:59, EXEC, v:1, k:ed@inverter, mode:FULL, rate:16
2026-06-17 17:15:59, MOVE, v:1, k:ed@inverter, mode:EDIT
2026-06-17 17:23:46, EXEC, v:1, k:ed@inverter, mode:FULL, rate:16
2026-06-17 17:24:39, EXEC, v:1, k:ed@inverter, mode:FULL, rate:16
2026-06-17 17:24:56, EXEC, v:1, k:ed@inverter, mode:FULL, rate:100, size:77
2026-06-17 17:24:56, MOVE, v:1, k:ed@inverter, mode:BACK
2026-06-17 17:25:34, SELF, v:1, k:ed@serial, self:1, rate:100, study:140, guided:1
2026-06-17 17:25:38, MOVE, v:1, k:ed@formatada, mode:PICK
2026-06-17 17:25:40, MOVE, v:1, k:ed@formatada, mode:BACK
2026-06-17 17:26:04, SELF, v:1, k:ed@formatada, self:1, rate:100, study:80, problem:1
2026-06-17 17:26:29, SELF, v:1, k:ed@inverter, self:1, rate:100, study:70, concept:1, problem:1
2026-06-17 17:26:29, MOVE, v:1, k:ed@inverter, mode:PICK
2026-06-17 17:26:31, MOVE, v:1, k:ed@inverter, mode:BACK
