2026-06-30 00:28:43, MOVE, v:1, k:ed@escapeSpread, mode:PICK
2026-06-30 00:28:46, EXEC, v:1, k:ed@escapeSpread, mode:FULL, rate:0, size:120
2026-06-30 00:28:49, EXEC, v:1, k:ed@escapeSpread, mode:FULL, rate:0
2026-06-30 00:29:08, EXEC, v:1, k:ed@escapeSpread, mode:FULL, rate:0
2026-06-30 00:29:16, EXEC, v:1, k:ed@escapeSpread, mode:FULL, rate:0
2026-06-30 00:29:17, EXEC, v:1, k:ed@escapeSpread, mode:FULL, rate:0
2026-06-30 00:29:17, EXEC, v:1, k:ed@escapeSpread, mode:FULL, rate:0
2026-06-30 00:29:17, EXEC, v:1, k:ed@escapeSpread, mode:FULL, rate:0
2026-06-30 00:29:17, EXEC, v:1, k:ed@escapeSpread, mode:FULL, rate:0
2026-06-30 00:29:18, EXEC, v:1, k:ed@escapeSpread, mode:FULL, rate:0
2026-06-30 00:30:57, EXEC, v:1, k:ed@escapeSpread, mode:FULL, rate:0
2026-06-30 00:31:37, EXEC, v:1, k:ed@escapeSpread, mode:FULL, rate:0
2026-06-30 00:31:40, EXEC, v:1, k:ed@escapeSpread, mode:FULL, rate:0
2026-06-30 00:28:33, MOVE, v:1, k:ed@escapeSpread, mode:EDIT
2026-06-30 00:31:40, MOVE, v:1, k:ed@escapeSpread, mode:EDIT
2026-06-30 00:33:24, EXEC, v:1, k:ed@escapeSpread, mode:FULL, rate:0
2026-06-30 00:33:38, EXEC, v:1, k:ed@escapeSpread, mode:FULL, rate:0
2026-06-30 00:34:09, EXEC, v:1, k:ed@escapeSpread, mode:FULL, rate:0
2026-06-30 00:34:25, EXEC, v:1, k:ed@escapeSpread, mode:FULL, rate:0
2026-06-30 00:34:27, EXEC, v:1, k:ed@escapeSpread, mode:FULL, rate:0
2026-06-30 00:34:30, EXEC, v:1, k:ed@escapeSpread, mode:FULL, rate:0
2026-06-30 00:34:34, EXEC, v:1, k:ed@escapeSpread, mode:FULL, rate:0
2026-06-30 00:34:55, EXEC, v:1, k:ed@escapeSpread, mode:FULL, rate:0
2026-06-30 00:34:57, EXEC, v:1, k:ed@escapeSpread, mode:FULL, rate:0
2026-06-30 00:34:59, EXEC, v:1, k:ed@escapeSpread, mode:FULL, rate:0
2026-06-30 00:35:10, EXEC, v:1, k:ed@escapeSpread, mode:FULL, rate:0
2026-06-30 00:35:14, EXEC, v:1, k:ed@escapeSpread, mode:FULL, rate:0
2026-06-30 00:35:21, EXEC, v:1, k:ed@escapeSpread, mode:FULL, rate:0
2026-06-30 00:35:23, EXEC, v:1, k:ed@escapeSpread, mode:FULL, rate:0
2026-06-30 00:35:26, EXEC, v:1, k:ed@escapeSpread, mode:FULL, rate:0
2026-06-30 00:35:37, EXEC, v:1, k:ed@escapeSpread, mode:FULL, rate:0
2026-06-30 00:35:43, EXEC, v:1, k:ed@escapeSpread, mode:FULL, rate:0
2026-06-30 00:35:54, EXEC, v:1, k:ed@escapeSpread, mode:FULL, rate:0
2026-06-30 00:35:57, EXEC, v:1, k:ed@escapeSpread, mode:FULL, rate:0
2026-06-30 00:35:57, EXEC, v:1, k:ed@escapeSpread, mode:FULL, rate:0
2026-06-30 00:35:57, MOVE, v:1, k:ed@escapeSpread, mode:EDIT
2026-06-30 00:37:13, EXEC, v:1, k:ed@escapeSpread, mode:FULL, rate:0
2026-06-30 00:37:55, EXEC, v:1, k:ed@escapeSpread, mode:FULL, rate:0
2026-06-30 00:38:12, EXEC, v:1, k:ed@escapeSpread, mode:FULL, rate:0
2026-06-30 00:40:19, EXEC, v:1, k:ed@escapeSpread, mode:FULL, rate:0
2026-06-30 00:40:26, EXEC, v:1, k:ed@escapeSpread, mode:FULL, rate:0
2026-06-30 00:40:29, EXEC, v:1, k:ed@escapeSpread, mode:FULL, rate:0
2026-06-30 00:40:52, EXEC, v:1, k:ed@escapeSpread, mode:FULL, rate:0
2026-06-30 00:41:57, EXEC, v:1, k:ed@escapeSpread, mode:FULL, rate:0
2026-06-30 00:41:57, MOVE, v:1, k:ed@escapeSpread, mode:EDIT
2026-06-30 00:49:42, MOVE, v:1, k:ed@escapeSpread, mode:PICK
2026-06-30 00:49:51, EXEC, v:1, k:ed@escapeSpread, mode:FULL, rate:0
2026-06-30 00:52:41, EXEC, v:1, k:ed@escapeSpread, mode:FULL, rate:0
2026-06-30 00:53:56, EXEC, v:1, k:ed@escapeSpread, mode:FULL, rate:0
2026-06-30 00:54:23, EXEC, v:1, k:ed@escapeSpread, mode:FULL, rate:0
2026-06-30 00:54:23, MOVE, v:1, k:ed@escapeSpread, mode:EDIT
2026-06-30 00:54:46, EXEC, v:1, k:ed@escapeSpread, mode:FULL, rate:0
2026-06-30 00:55:23, EXEC, v:1, k:ed@escapeSpread, mode:FULL, rate:0
2026-06-30 00:59:00, EXEC, v:1, k:ed@escapeSpread, mode:FULL, rate:0
2026-06-30 00:59:00, EXEC, v:1, k:ed@escapeSpread, mode:FULL, rate:0
2026-06-30 00:59:01, EXEC, v:1, k:ed@escapeSpread, mode:FULL, rate:0
2026-06-30 00:59:03, EXEC, v:1, k:ed@escapeSpread, mode:FULL, rate:0
2026-06-30 00:59:03, MOVE, v:1, k:ed@escapeSpread, mode:EDIT
2026-06-30 01:56:11, MOVE, v:1, k:ed@escapeSpread, mode:PICK
2026-06-30 01:56:14, EXEC, v:1, k:ed@escapeSpread, mode:FULL, rate:0
2026-06-30 01:58:23, EXEC, v:1, k:ed@escapeSpread, mode:FULL, rate:0
2026-06-30 01:58:24, EXEC, v:1, k:ed@escapeSpread, mode:FULL, rate:0
2026-06-30 01:58:27, EXEC, v:1, k:ed@escapeSpread, mode:FULL, rate:0
2026-06-30 01:58:29, EXEC, v:1, k:ed@escapeSpread, mode:FULL, rate:0
2026-06-30 01:59:20, EXEC, v:1, k:ed@escapeSpread, mode:FULL, rate:0
2026-06-30 01:59:21, EXEC, v:1, k:ed@escapeSpread, mode:FULL, rate:0
2026-06-30 01:59:23, EXEC, v:1, k:ed@escapeSpread, mode:FULL, rate:0
2026-06-30 02:00:52, EXEC, v:1, k:ed@escapeSpread, mode:FULL, rate:0
2026-06-30 02:00:53, EXEC, v:1, k:ed@escapeSpread, mode:FULL, rate:0
2026-06-30 02:00:54, EXEC, v:1, k:ed@escapeSpread, mode:FULL, rate:0
2026-06-30 02:00:54, MOVE, v:1, k:ed@escapeSpread, mode:EDIT
2026-06-30 02:03:01, EXEC, v:1, k:ed@escapeSpread, mode:FULL, rate:0
2026-06-30 02:03:06, EXEC, v:1, k:ed@escapeSpread, mode:FULL, rate:0
2026-06-30 02:03:08, EXEC, v:1, k:ed@escapeSpread, mode:FULL, rate:0
2026-06-30 02:03:09, EXEC, v:1, k:ed@escapeSpread, mode:FULL, rate:0
2026-06-30 02:04:34, EXEC, v:1, k:ed@escapeSpread, mode:FULL, rate:0
2026-06-30 02:05:08, EXEC, v:1, k:ed@escapeSpread, mode:FULL, rate:0
2026-06-30 02:05:07, MOVE, v:1, k:ed@escapeSpread, mode:EDIT
2026-06-30 02:06:19, EXEC, v:1, k:ed@escapeSpread, mode:FULL, rate:0
2026-06-30 02:08:47, EXEC, v:1, k:ed@escapeSpread, mode:FULL, rate:0
2026-06-30 02:10:23, EXEC, v:1, k:ed@escapeSpread, mode:FULL, rate:0
2026-06-30 02:10:23, MOVE, v:1, k:ed@escapeSpread, mode:EDIT
2026-06-30 02:14:00, EXEC, v:1, k:ed@escapeSpread, mode:FULL, rate:0
2026-06-30 02:14:03, EXEC, v:1, k:ed@escapeSpread, mode:FULL, rate:0
2026-06-30 02:14:21, EXEC, v:1, k:ed@escapeSpread, mode:FULL, rate:0
2026-06-30 02:14:24, EXEC, v:1, k:ed@escapeSpread, mode:FULL, rate:0
2026-06-30 02:14:28, EXEC, v:1, k:ed@escapeSpread, mode:FULL, rate:0
2026-06-30 02:14:29, EXEC, v:1, k:ed@escapeSpread, mode:FULL, rate:0
2026-06-30 02:14:31, EXEC, v:1, k:ed@escapeSpread, mode:FULL, rate:0
2026-06-30 02:14:34, EXEC, v:1, k:ed@escapeSpread, mode:FULL, rate:0
2026-06-30 02:14:39, EXEC, v:1, k:ed@escapeSpread, mode:FULL, rate:0
2026-06-30 02:14:42, EXEC, v:1, k:ed@escapeSpread, mode:FULL, rate:0
2026-06-30 02:14:47, EXEC, v:1, k:ed@escapeSpread, mode:FULL, rate:0
2026-06-30 02:14:47, MOVE, v:1, k:ed@escapeSpread, mode:EDIT
2026-06-30 02:18:56, EXEC, v:1, k:ed@escapeSpread, mode:FULL, rate:0
2026-06-30 02:18:56, MOVE, v:1, k:ed@escapeSpread, mode:EDIT
2026-06-30 02:23:25, EXEC, v:1, k:ed@escapeSpread, mode:FULL, rate:0
2026-06-30 02:25:41, EXEC, v:1, k:ed@escapeSpread, mode:FULL, rate:0
2026-06-30 02:26:01, EXEC, v:1, k:ed@escapeSpread, mode:FULL, rate:0
2026-06-30 02:26:01, MOVE, v:1, k:ed@escapeSpread, mode:EDIT
2026-06-30 02:26:40, EXEC, v:1, k:ed@escapeSpread, mode:FULL, rate:0
2026-06-30 02:28:37, EXEC, v:1, k:ed@escapeSpread, mode:FULL, rate:0
2026-06-30 02:28:38, EXEC, v:1, k:ed@escapeSpread, mode:FULL, rate:0
2026-06-30 02:28:38, MOVE, v:1, k:ed@escapeSpread, mode:EDIT
2026-06-30 02:32:29, EXEC, v:1, k:ed@escapeSpread, mode:FULL, rate:0
2026-06-30 02:32:30, EXEC, v:1, k:ed@escapeSpread, mode:FULL, rate:0
2026-06-30 02:32:30, MOVE, v:1, k:ed@escapeSpread, mode:EDIT
2026-06-30 02:36:39, EXEC, v:1, k:ed@escapeSpread, mode:FULL, rate:0
2026-06-30 02:37:28, EXEC, v:1, k:ed@escapeSpread, mode:FULL, rate:0
2026-06-30 02:37:28, EXEC, v:1, k:ed@escapeSpread, mode:FULL, rate:0
2026-06-30 02:37:28, MOVE, v:1, k:ed@escapeSpread, mode:EDIT
2026-06-30 02:41:11, EXEC, v:1, k:ed@escapeSpread, mode:FULL, rate:0
2026-06-30 02:44:02, EXEC, v:1, k:ed@escapeSpread, mode:FULL, rate:0
2026-06-30 02:44:02, MOVE, v:1, k:ed@escapeSpread, mode:EDIT
2026-06-30 02:48:15, EXEC, v:1, k:ed@escapeSpread, mode:FULL, rate:0
2026-06-30 02:48:37, EXEC, v:1, k:ed@escapeSpread, mode:FULL, rate:0
2026-06-30 02:48:56, EXEC, v:1, k:ed@escapeSpread, mode:FULL, rate:0
2026-06-30 02:50:11, EXEC, v:1, k:ed@escapeSpread, mode:FULL, rate:0
2026-06-30 02:50:11, MOVE, v:1, k:ed@escapeSpread, mode:EDIT
2026-06-30 02:51:37, EXEC, v:1, k:ed@escapeSpread, mode:FULL, rate:0
2026-06-30 02:51:37, MOVE, v:1, k:ed@escapeSpread, mode:EDIT
2026-06-30 02:56:19, EXEC, v:1, k:ed@escapeSpread, mode:FULL, rate:0
2026-06-30 02:56:19, MOVE, v:1, k:ed@escapeSpread, mode:EDIT
2026-06-30 03:02:43, EXEC, v:1, k:ed@escapeSpread, mode:FULL, rate:0
2026-06-30 03:02:44, MOVE, v:1, k:ed@escapeSpread, mode:BACK
2026-06-30 16:19:05, MOVE, v:1, k:ed@escapeSpread, mode:PICK
2026-06-30 16:19:07, EXEC, v:1, k:ed@escapeSpread, mode:FULL, rate:0
2026-06-30 16:19:08, EXEC, v:1, k:ed@escapeSpread, mode:FULL, rate:0
2026-06-30 16:19:09, EXEC, v:1, k:ed@escapeSpread, mode:FULL, rate:0
2026-06-30 16:19:16, EXEC, v:1, k:ed@escapeSpread, mode:FULL, rate:0
2026-06-30 16:19:17, EXEC, v:1, k:ed@escapeSpread, mode:FULL, rate:0
2026-06-30 16:19:17, EXEC, v:1, k:ed@escapeSpread, mode:FULL, rate:0
2026-06-30 16:19:18, EXEC, v:1, k:ed@escapeSpread, mode:FULL, rate:0
2026-06-30 16:19:19, EXEC, v:1, k:ed@escapeSpread, mode:FULL, rate:0
2026-06-30 16:19:20, EXEC, v:1, k:ed@escapeSpread, mode:FULL, rate:0
2026-06-30 16:19:21, EXEC, v:1, k:ed@escapeSpread, mode:FULL, rate:0
2026-06-30 16:19:22, EXEC, v:1, k:ed@escapeSpread, mode:FULL, rate:0
2026-06-30 16:19:22, EXEC, v:1, k:ed@escapeSpread, mode:FULL, rate:0
2026-06-30 16:19:56, EXEC, v:1, k:ed@escapeSpread, mode:FULL, rate:0
2026-06-30 16:20:07, EXEC, v:1, k:ed@escapeSpread, mode:FULL, rate:0
2026-06-30 16:20:15, EXEC, v:1, k:ed@escapeSpread, mode:FULL, rate:0
2026-06-30 16:20:43, EXEC, v:1, k:ed@escapeSpread, mode:FULL, rate:0
2026-06-30 16:20:52, EXEC, v:1, k:ed@escapeSpread, mode:FULL, rate:0
2026-06-30 16:21:16, EXEC, v:1, k:ed@escapeSpread, mode:FULL, rate:0
2026-06-30 16:21:39, EXEC, v:1, k:ed@escapeSpread, mode:FULL, rate:0
2026-06-30 16:21:50, EXEC, v:1, k:ed@escapeSpread, mode:FULL, rate:0
2026-06-30 16:21:57, EXEC, v:1, k:ed@escapeSpread, mode:FULL, rate:0
2026-06-30 16:22:07, EXEC, v:1, k:ed@escapeSpread, mode:FULL, rate:0
2026-06-30 16:22:18, EXEC, v:1, k:ed@escapeSpread, mode:FULL, rate:0
2026-06-30 16:22:25, EXEC, v:1, k:ed@escapeSpread, mode:FULL, rate:0
2026-06-30 16:22:27, EXEC, v:1, k:ed@escapeSpread, mode:FULL, rate:0
2026-06-30 16:22:28, EXEC, v:1, k:ed@escapeSpread, mode:FULL, rate:0
2026-06-30 16:22:29, EXEC, v:1, k:ed@escapeSpread, mode:FULL, rate:0
2026-06-30 16:22:30, EXEC, v:1, k:ed@escapeSpread, mode:FULL, rate:0
2026-06-30 16:23:45, EXEC, v:1, k:ed@escapeSpread, mode:FULL, rate:0
2026-06-30 16:23:45, MOVE, v:1, k:ed@escapeSpread, mode:EDIT
2026-06-30 16:25:05, EXEC, v:1, k:ed@escapeSpread, mode:FULL, rate:0
2026-06-30 16:25:27, EXEC, v:1, k:ed@escapeSpread, mode:FULL, rate:0
2026-06-30 16:25:45, EXEC, v:1, k:ed@escapeSpread, mode:FULL, rate:0
2026-06-30 16:27:19, EXEC, v:1, k:ed@escapeSpread, mode:FULL, rate:0
2026-06-30 16:27:30, EXEC, v:1, k:ed@escapeSpread, mode:FULL, rate:0
2026-06-30 16:27:32, EXEC, v:1, k:ed@escapeSpread, mode:FULL, rate:0
2026-06-30 16:27:32, MOVE, v:1, k:ed@escapeSpread, mode:EDIT
2026-06-30 16:30:33, EXEC, v:1, k:ed@escapeSpread, mode:FULL, rate:0
2026-06-30 16:30:36, EXEC, v:1, k:ed@escapeSpread, mode:FULL, rate:0
2026-06-30 16:30:39, EXEC, v:1, k:ed@escapeSpread, mode:FULL, rate:0
2026-06-30 16:30:42, EXEC, v:1, k:ed@escapeSpread, mode:FULL, rate:0
2026-06-30 16:30:49, EXEC, v:1, k:ed@escapeSpread, mode:FULL, rate:0
2026-06-30 16:30:51, EXEC, v:1, k:ed@escapeSpread, mode:FULL, rate:0
2026-06-30 16:30:54, EXEC, v:1, k:ed@escapeSpread, mode:FULL, rate:0
2026-06-30 16:30:57, EXEC, v:1, k:ed@escapeSpread, mode:FULL, rate:0
2026-06-30 16:30:59, EXEC, v:1, k:ed@escapeSpread, mode:FULL, rate:0
2026-06-30 16:31:03, EXEC, v:1, k:ed@escapeSpread, mode:FULL, rate:0
2026-06-30 16:31:07, EXEC, v:1, k:ed@escapeSpread, mode:FULL, rate:0
2026-06-30 16:31:09, EXEC, v:1, k:ed@escapeSpread, mode:FULL, rate:0
2026-06-30 16:31:11, EXEC, v:1, k:ed@escapeSpread, mode:FULL, rate:0
2026-06-30 16:31:13, EXEC, v:1, k:ed@escapeSpread, mode:FULL, rate:0
2026-06-30 16:31:14, EXEC, v:1, k:ed@escapeSpread, mode:FULL, rate:0
2026-06-30 16:31:18, EXEC, v:1, k:ed@escapeSpread, mode:FULL, rate:0
2026-06-30 16:31:20, EXEC, v:1, k:ed@escapeSpread, mode:FULL, rate:0
2026-06-30 16:31:21, EXEC, v:1, k:ed@escapeSpread, mode:FULL, rate:0
2026-06-30 16:31:22, EXEC, v:1, k:ed@escapeSpread, mode:FULL, rate:0
2026-06-30 16:31:23, EXEC, v:1, k:ed@escapeSpread, mode:FULL, rate:0
2026-06-30 16:31:25, EXEC, v:1, k:ed@escapeSpread, mode:FULL, rate:0
2026-06-30 16:31:27, EXEC, v:1, k:ed@escapeSpread, mode:FULL, rate:0
2026-06-30 16:31:33, EXEC, v:1, k:ed@escapeSpread, mode:FULL, rate:0
2026-06-30 16:31:36, EXEC, v:1, k:ed@escapeSpread, mode:FULL, rate:0
2026-06-30 16:31:38, EXEC, v:1, k:ed@escapeSpread, mode:FULL, rate:0
2026-06-30 16:31:59, EXEC, v:1, k:ed@escapeSpread, mode:FREE
2026-06-30 16:32:05, EXEC, v:1, k:ed@escapeSpread, mode:FULL, rate:0
2026-06-30 16:32:36, EXEC, v:1, k:ed@escapeSpread, mode:FULL, rate:0
2026-06-30 16:33:04, EXEC, v:1, k:ed@escapeSpread, mode:FULL, rate:0
2026-06-30 16:33:06, EXEC, v:1, k:ed@escapeSpread, mode:FULL, rate:0
2026-06-30 16:33:10, EXEC, v:1, k:ed@escapeSpread, mode:FULL, rate:0
2026-06-30 16:33:11, EXEC, v:1, k:ed@escapeSpread, mode:FULL, rate:0
2026-06-30 16:33:12, EXEC, v:1, k:ed@escapeSpread, mode:FULL, rate:0
2026-06-30 16:33:12, MOVE, v:1, k:ed@escapeSpread, mode:EDIT
2026-06-30 16:34:01, EXEC, v:1, k:ed@escapeSpread, mode:FULL, rate:0
2026-06-30 16:34:02, EXEC, v:1, k:ed@escapeSpread, mode:FULL, rate:0
2026-06-30 16:34:55, EXEC, v:1, k:ed@escapeSpread, mode:FULL, rate:0
2026-06-30 16:35:05, EXEC, v:1, k:ed@escapeSpread, mode:FULL, rate:0
2026-06-30 16:36:14, EXEC, v:1, k:ed@escapeSpread, mode:FULL, rate:0
2026-06-30 16:37:42, EXEC, v:1, k:ed@escapeSpread, mode:FULL, rate:0
2026-06-30 16:37:42, MOVE, v:1, k:ed@escapeSpread, mode:EDIT
2026-06-30 16:39:39, EXEC, v:1, k:ed@escapeSpread, mode:FULL, rate:0
2026-06-30 16:41:10, EXEC, v:1, k:ed@escapeSpread, mode:FULL, rate:0
2026-06-30 16:41:12, EXEC, v:1, k:ed@escapeSpread, mode:FULL, rate:0
2026-06-30 16:41:13, EXEC, v:1, k:ed@escapeSpread, mode:FULL, rate:0
2026-06-30 16:41:14, EXEC, v:1, k:ed@escapeSpread, mode:FULL, rate:0
2026-06-30 16:41:14, EXEC, v:1, k:ed@escapeSpread, mode:FULL, rate:0
2026-06-30 16:41:15, EXEC, v:1, k:ed@escapeSpread, mode:FULL, rate:0
2026-06-30 16:41:15, EXEC, v:1, k:ed@escapeSpread, mode:FULL, rate:0
2026-06-30 16:41:24, EXEC, v:1, k:ed@escapeSpread, mode:FULL, rate:0
2026-06-30 16:42:10, EXEC, v:1, k:ed@escapeSpread, mode:FULL, rate:0
2026-06-30 16:42:15, EXEC, v:1, k:ed@escapeSpread, mode:FULL, rate:0
2026-06-30 16:42:22, EXEC, v:1, k:ed@escapeSpread, mode:FULL, rate:0
2026-06-30 16:43:20, EXEC, v:1, k:ed@escapeSpread, mode:FULL, rate:0
2026-06-30 16:43:21, EXEC, v:1, k:ed@escapeSpread, mode:FULL, rate:0
2026-06-30 16:43:21, MOVE, v:1, k:ed@escapeSpread, mode:EDIT
2026-06-30 16:49:58, MOVE, v:1, k:ed@escapeSpread, mode:PICK
2026-06-30 16:50:01, EXEC, v:1, k:ed@escapeSpread, mode:FULL, rate:0
2026-06-30 16:50:06, EXEC, v:1, k:ed@escapeSpread, mode:FULL, rate:0
2026-06-30 16:50:17, EXEC, v:1, k:ed@escapeSpread, mode:FULL, rate:0
2026-06-30 16:50:40, EXEC, v:1, k:ed@escapeSpread, mode:FULL, rate:0
2026-06-30 16:50:42, EXEC, v:1, k:ed@escapeSpread, mode:FULL, rate:0
2026-06-30 16:50:53, EXEC, v:1, k:ed@escapeSpread, mode:FULL, rate:0
2026-06-30 16:51:08, EXEC, v:1, k:ed@escapeSpread, mode:FULL, rate:0
2026-06-30 16:51:15, EXEC, v:1, k:ed@escapeSpread, mode:FULL, rate:0
2026-06-30 16:51:27, EXEC, v:1, k:ed@escapeSpread, mode:FULL, rate:0
2026-06-30 16:51:29, EXEC, v:1, k:ed@escapeSpread, mode:FULL, rate:0
2026-06-30 16:51:31, EXEC, v:1, k:ed@escapeSpread, mode:FULL, rate:0
2026-06-30 16:51:34, EXEC, v:1, k:ed@escapeSpread, mode:FULL, rate:0
2026-06-30 16:51:35, EXEC, v:1, k:ed@escapeSpread, mode:FULL, rate:0
2026-06-30 16:51:38, EXEC, v:1, k:ed@escapeSpread, mode:FULL, rate:0
2026-06-30 16:51:39, EXEC, v:1, k:ed@escapeSpread, mode:FULL, rate:0
2026-06-30 16:52:21, EXEC, v:1, k:ed@escapeSpread, mode:FULL, rate:0
2026-06-30 16:52:43, EXEC, v:1, k:ed@escapeSpread, mode:FULL, rate:0
2026-06-30 16:52:44, EXEC, v:1, k:ed@escapeSpread, mode:FULL, rate:0
2026-06-30 16:53:05, EXEC, v:1, k:ed@escapeSpread, mode:FULL, rate:0
2026-06-30 16:53:08, EXEC, v:1, k:ed@escapeSpread, mode:FULL, rate:0
2026-06-30 16:53:17, EXEC, v:1, k:ed@escapeSpread, mode:FULL, rate:0
2026-06-30 16:53:21, EXEC, v:1, k:ed@escapeSpread, mode:FULL, rate:0
2026-06-30 16:53:27, EXEC, v:1, k:ed@escapeSpread, mode:FULL, rate:0
2026-06-30 16:53:28, EXEC, v:1, k:ed@escapeSpread, mode:FULL, rate:0
2026-06-30 16:53:29, EXEC, v:1, k:ed@escapeSpread, mode:FULL, rate:0
2026-06-30 16:53:30, EXEC, v:1, k:ed@escapeSpread, mode:FULL, rate:0
2026-06-30 16:53:31, EXEC, v:1, k:ed@escapeSpread, mode:FULL, rate:0
2026-06-30 16:53:32, EXEC, v:1, k:ed@escapeSpread, mode:FULL, rate:0
2026-06-30 16:53:33, EXEC, v:1, k:ed@escapeSpread, mode:FULL, rate:0
2026-06-30 16:53:34, EXEC, v:1, k:ed@escapeSpread, mode:FULL, rate:0
2026-06-30 16:53:44, EXEC, v:1, k:ed@escapeSpread, mode:FULL, rate:0
2026-06-30 16:53:45, EXEC, v:1, k:ed@escapeSpread, mode:FULL, rate:0
2026-06-30 16:53:46, EXEC, v:1, k:ed@escapeSpread, mode:FULL, rate:0
2026-06-30 16:53:47, EXEC, v:1, k:ed@escapeSpread, mode:FULL, rate:0
2026-06-30 16:53:48, EXEC, v:1, k:ed@escapeSpread, mode:FULL, rate:0
2026-06-30 16:54:09, EXEC, v:1, k:ed@escapeSpread, mode:FULL, rate:0
2026-06-30 16:54:10, EXEC, v:1, k:ed@escapeSpread, mode:FULL, rate:0
2026-06-30 16:54:20, EXEC, v:1, k:ed@escapeSpread, mode:FULL, rate:0
2026-06-30 16:54:21, EXEC, v:1, k:ed@escapeSpread, mode:FULL, rate:0
2026-06-30 16:54:34, EXEC, v:1, k:ed@escapeSpread, mode:FULL, rate:0
2026-06-30 16:54:35, EXEC, v:1, k:ed@escapeSpread, mode:FULL, rate:0
2026-06-30 16:54:35, MOVE, v:1, k:ed@escapeSpread, mode:EDIT
2026-06-30 16:58:40, EXEC, v:1, k:ed@escapeSpread, mode:FULL, rate:0
2026-06-30 16:58:51, EXEC, v:1, k:ed@escapeSpread, mode:FULL, rate:0
2026-06-30 16:58:51, EXEC, v:1, k:ed@escapeSpread, mode:FULL, rate:0
2026-06-30 16:58:53, EXEC, v:1, k:ed@escapeSpread, mode:FULL, rate:0
2026-06-30 16:58:57, EXEC, v:1, k:ed@escapeSpread, mode:FULL, rate:0
2026-06-30 16:58:58, EXEC, v:1, k:ed@escapeSpread, mode:FULL, rate:0
2026-06-30 16:58:59, EXEC, v:1, k:ed@escapeSpread, mode:FULL, rate:0
2026-06-30 16:59:01, EXEC, v:1, k:ed@escapeSpread, mode:FULL, rate:0
2026-06-30 16:59:05, EXEC, v:1, k:ed@escapeSpread, mode:FULL, rate:0
2026-06-30 16:59:12, EXEC, v:1, k:ed@escapeSpread, mode:FULL, rate:0
2026-06-30 16:59:32, EXEC, v:1, k:ed@escapeSpread, mode:FULL, rate:0
2026-06-30 16:59:34, EXEC, v:1, k:ed@escapeSpread, mode:FULL, rate:0
2026-06-30 16:59:34, EXEC, v:1, k:ed@escapeSpread, mode:FULL, rate:0
2026-06-30 16:59:34, MOVE, v:1, k:ed@escapeSpread, mode:EDIT
2026-06-30 17:01:20, EXEC, v:1, k:ed@escapeSpread, mode:FULL, rate:0
2026-06-30 17:01:25, EXEC, v:1, k:ed@escapeSpread, mode:FULL, rate:0
2026-06-30 17:02:22, EXEC, v:1, k:ed@escapeSpread, mode:FULL, rate:0
2026-06-30 17:03:15, EXEC, v:1, k:ed@escapeSpread, mode:FULL, rate:0
2026-06-30 17:04:03, EXEC, v:1, k:ed@escapeSpread, mode:FULL, rate:0
2026-06-30 17:04:25, EXEC, v:1, k:ed@escapeSpread, mode:FULL, rate:0
2026-06-30 17:04:25, MOVE, v:1, k:ed@escapeSpread, mode:EDIT
2026-06-30 17:05:23, EXEC, v:1, k:ed@escapeSpread, mode:FULL, rate:0
2026-06-30 17:07:31, EXEC, v:1, k:ed@escapeSpread, mode:FULL, rate:0
2026-06-30 17:08:55, EXEC, v:1, k:ed@escapeSpread, mode:FULL, rate:0
2026-06-30 17:09:04, EXEC, v:1, k:ed@escapeSpread, mode:FULL, rate:0
2026-06-30 17:09:04, MOVE, v:1, k:ed@escapeSpread, mode:EDIT
2026-06-30 17:10:55, EXEC, v:1, k:ed@escapeSpread, mode:FULL, rate:0
2026-06-30 17:11:25, EXEC, v:1, k:ed@escapeSpread, mode:FULL, rate:0
2026-06-30 17:11:42, EXEC, v:1, k:ed@escapeSpread, mode:FULL, rate:0
2026-06-30 17:12:40, EXEC, v:1, k:ed@escapeSpread, mode:FULL, rate:0
2026-06-30 17:13:38, EXEC, v:1, k:ed@escapeSpread, mode:FULL, rate:0
2026-06-30 17:14:35, EXEC, v:1, k:ed@escapeSpread, mode:FULL, rate:0
2026-06-30 17:14:35, MOVE, v:1, k:ed@escapeSpread, mode:EDIT
2026-06-30 17:15:22, EXEC, v:1, k:ed@escapeSpread, mode:FULL, rate:0
2026-06-30 17:15:36, EXEC, v:1, k:ed@escapeSpread, mode:FULL, rate:0
2026-06-30 17:16:03, EXEC, v:1, k:ed@escapeSpread, mode:FULL, rate:0
2026-06-30 17:16:05, EXEC, v:1, k:ed@escapeSpread, mode:FULL, rate:0
2026-06-30 17:16:06, EXEC, v:1, k:ed@escapeSpread, mode:FULL, rate:0
2026-06-30 17:16:06, EXEC, v:1, k:ed@escapeSpread, mode:FULL, rate:0
2026-06-30 17:16:07, EXEC, v:1, k:ed@escapeSpread, mode:FULL, rate:0
2026-06-30 17:16:07, EXEC, v:1, k:ed@escapeSpread, mode:FULL, rate:0
2026-06-30 17:16:08, EXEC, v:1, k:ed@escapeSpread, mode:FULL, rate:0
2026-06-30 17:16:08, EXEC, v:1, k:ed@escapeSpread, mode:FULL, rate:0
2026-06-30 17:16:08, EXEC, v:1, k:ed@escapeSpread, mode:FULL, rate:0
2026-06-30 17:16:09, EXEC, v:1, k:ed@escapeSpread, mode:FULL, rate:0
2026-06-30 17:16:17, EXEC, v:1, k:ed@escapeSpread, mode:FULL, rate:0
2026-06-30 17:18:13, EXEC, v:1, k:ed@escapeSpread, mode:FULL, rate:0
2026-06-30 17:18:13, MOVE, v:1, k:ed@escapeSpread, mode:EDIT
2026-06-30 17:20:54, EXEC, v:1, k:ed@escapeSpread, mode:FULL, rate:0
2026-06-30 17:20:56, EXEC, v:1, k:ed@escapeSpread, mode:FULL, rate:0
2026-06-30 17:21:02, EXEC, v:1, k:ed@escapeSpread, mode:FULL, rate:0
2026-06-30 17:21:03, EXEC, v:1, k:ed@escapeSpread, mode:FULL, rate:0
2026-06-30 17:21:05, EXEC, v:1, k:ed@escapeSpread, mode:FULL, rate:0
2026-06-30 17:21:31, EXEC, v:1, k:ed@escapeSpread, mode:FULL, rate:0
2026-06-30 17:23:00, EXEC, v:1, k:ed@escapeSpread, mode:FULL, rate:0
2026-06-30 17:23:03, EXEC, v:1, k:ed@escapeSpread, mode:FULL, rate:0
2026-06-30 17:23:04, EXEC, v:1, k:ed@escapeSpread, mode:FULL, rate:0
2026-06-30 17:23:05, EXEC, v:1, k:ed@escapeSpread, mode:FULL, rate:0
2026-06-30 17:23:08, EXEC, v:1, k:ed@escapeSpread, mode:FULL, rate:0
2026-06-30 17:23:09, EXEC, v:1, k:ed@escapeSpread, mode:FULL, rate:0
2026-06-30 17:24:10, EXEC, v:1, k:ed@escapeSpread, mode:FULL, rate:0
2026-06-30 17:24:10, MOVE, v:1, k:ed@escapeSpread, mode:EDIT
2026-06-30 17:28:24, EXEC, v:1, k:ed@escapeSpread, mode:FULL, rate:0
2026-06-30 17:28:25, EXEC, v:1, k:ed@escapeSpread, mode:FULL, rate:0
2026-06-30 17:28:48, EXEC, v:1, k:ed@escapeSpread, mode:FULL, rate:0
2026-06-30 17:28:49, EXEC, v:1, k:ed@escapeSpread, mode:FULL, rate:0
2026-06-30 17:28:48, MOVE, v:1, k:ed@escapeSpread, mode:EDIT
2026-06-30 17:30:24, EXEC, v:1, k:ed@escapeSpread, mode:FULL, rate:0
2026-06-30 17:30:26, EXEC, v:1, k:ed@escapeSpread, mode:FULL, rate:0
2026-06-30 17:30:26, EXEC, v:1, k:ed@escapeSpread, mode:FULL, rate:0
2026-06-30 17:30:30, EXEC, v:1, k:ed@escapeSpread, mode:FULL, rate:0
2026-06-30 17:30:31, EXEC, v:1, k:ed@escapeSpread, mode:FULL, rate:0
2026-06-30 17:31:07, EXEC, v:1, k:ed@escapeSpread, mode:FULL, rate:0
2026-06-30 17:31:10, EXEC, v:1, k:ed@escapeSpread, mode:FULL, rate:0
2026-06-30 17:31:57, EXEC, v:1, k:ed@escapeSpread, mode:FULL, rate:0
2026-06-30 17:33:28, EXEC, v:1, k:ed@escapeSpread, mode:FULL, rate:0
2026-06-30 17:33:52, EXEC, v:1, k:ed@escapeSpread, mode:FULL, rate:0
2026-06-30 17:34:30, EXEC, v:1, k:ed@escapeSpread, mode:FULL, rate:0
2026-06-30 17:34:46, EXEC, v:1, k:ed@escapeSpread, mode:FULL, rate:0
2026-06-30 17:34:50, EXEC, v:1, k:ed@escapeSpread, mode:FULL, rate:0
2026-06-30 17:34:50, MOVE, v:1, k:ed@escapeSpread, mode:EDIT
2026-06-30 17:35:55, EXEC, v:1, k:ed@escapeSpread, mode:FULL, rate:0
2026-06-30 17:36:06, EXEC, v:1, k:ed@escapeSpread, mode:FULL, rate:0
2026-06-30 17:36:06, EXEC, v:1, k:ed@escapeSpread, mode:FULL, rate:0
2026-06-30 17:36:14, MOVE, v:1, k:ed@escapeSpread, mode:BACK
2026-06-30 17:36:22, MOVE, v:1, k:ed@escapeSpread, mode:PICK
2026-06-30 17:36:23, EXEC, v:1, k:ed@escapeSpread, mode:FULL, rate:0
2026-06-30 17:37:25, EXEC, v:1, k:ed@escapeSpread, mode:FULL, rate:0
2026-06-30 17:39:31, EXEC, v:1, k:ed@escapeSpread, mode:FULL, rate:0
2026-06-30 17:39:31, MOVE, v:1, k:ed@escapeSpread, mode:EDIT
2026-06-30 17:42:58, EXEC, v:1, k:ed@escapeSpread, mode:FULL, rate:0
2026-06-30 17:43:09, EXEC, v:1, k:ed@escapeSpread, mode:FULL, rate:0
2026-06-30 17:44:18, EXEC, v:1, k:ed@escapeSpread, mode:FULL, rate:0
2026-06-30 17:44:21, EXEC, v:1, k:ed@escapeSpread, mode:FULL, rate:0
2026-06-30 17:44:21, MOVE, v:1, k:ed@escapeSpread, mode:EDIT
2026-06-30 17:46:45, EXEC, v:1, k:ed@escapeSpread, mode:FULL, rate:0
2026-06-30 17:47:07, EXEC, v:1, k:ed@escapeSpread, mode:FULL, rate:0
2026-06-30 17:47:51, EXEC, v:1, k:ed@escapeSpread, mode:FULL, rate:0
2026-06-30 17:47:51, EXEC, v:1, k:ed@escapeSpread, mode:FULL, rate:0
2026-06-30 17:48:51, EXEC, v:1, k:ed@escapeSpread, mode:FULL, rate:0
2026-06-30 17:48:57, EXEC, v:1, k:ed@escapeSpread, mode:FULL, rate:0
2026-06-30 17:48:58, EXEC, v:1, k:ed@escapeSpread, mode:FULL, rate:0
2026-06-30 17:49:40, EXEC, v:1, k:ed@escapeSpread, mode:FULL, rate:33, size:120
2026-06-30 17:49:40, MOVE, v:1, k:ed@escapeSpread, mode:EDIT
2026-06-30 17:49:08, MOVE, v:1, k:ed@escapeSpread, mode:EDIT
2026-06-30 17:54:06, EXEC, v:1, k:ed@escapeSpread, mode:FULL, rate:33, size:120
2026-06-30 17:54:55, EXEC, v:1, k:ed@escapeSpread, mode:FULL, rate:33
2026-06-30 17:54:04, MOVE, v:1, k:ed@escapeSpread, mode:EDIT
2026-06-30 17:54:55, MOVE, v:1, k:ed@escapeSpread, mode:EDIT
2026-06-30 18:00:54, EXEC, v:1, k:ed@escapeSpread, mode:FULL, rate:100, size:131
2026-06-30 18:00:57, MOVE, v:1, k:ed@escapeSpread, mode:BACK
2026-06-30 18:01:39, SELF, v:1, k:ed@escapeSpread, self:1, rate:100, study:234, debug:1
2026-06-30 18:03:47, MOVE, v:1, k:ed@caminho, mode:EDIT
2026-06-30 19:13:07, MOVE, v:1, k:ed@caminho, mode:PICK
2026-06-30 19:13:11, EXEC, v:1, k:ed@caminho, mode:FULL, rate:0, size:174
2026-06-30 19:13:24, EXEC, v:1, k:ed@caminho, mode:FULL, rate:0, size:174
2026-06-30 19:15:05, EXEC, v:1, k:ed@caminho, mode:FULL, rate:100, size:148
2026-06-30 19:15:00, MOVE, v:1, k:ed@caminho, mode:EDIT
2026-06-30 19:15:04, MOVE, v:1, k:ed@caminho, mode:EDIT
2026-06-30 19:22:12, EXEC, v:1, k:ed@caminho, mode:FULL, rate:0, size:164
2026-06-30 19:22:17, EXEC, v:1, k:ed@caminho, mode:FULL, rate:0
2026-06-30 19:22:09, MOVE, v:1, k:ed@caminho, mode:EDIT
2026-06-30 19:22:14, MOVE, v:1, k:ed@caminho, mode:EDIT
2026-06-30 19:24:45, EXEC, v:1, k:ed@caminho, mode:FULL, rate:0
2026-06-30 19:25:38, EXEC, v:1, k:ed@caminho, mode:FULL, rate:0
2026-06-30 19:26:28, EXEC, v:1, k:ed@caminho, mode:FULL, rate:0
2026-06-30 19:26:35, EXEC, v:1, k:ed@caminho, mode:FULL, rate:100, size:164
2026-06-30 19:26:42, EXEC, v:1, k:ed@caminho, mode:FULL, size:164, fail:COMP
2026-06-30 19:26:48, EXEC, v:1, k:ed@caminho, mode:FULL, size:164, fail:COMP
2026-06-30 19:27:24, EXEC, v:1, k:ed@caminho, mode:FULL, rate:0, size:164
2026-06-30 19:27:26, EXEC, v:1, k:ed@caminho, mode:FULL, rate:0
2026-06-30 19:27:35, EXEC, v:1, k:ed@caminho, mode:FULL, rate:0
2026-06-30 19:27:36, EXEC, v:1, k:ed@caminho, mode:FULL, rate:0
2026-06-30 19:27:36, MOVE, v:1, k:ed@caminho, mode:EDIT
2026-06-30 19:27:22, MOVE, v:1, k:ed@caminho, mode:EDIT
2026-06-30 19:28:31, EXEC, v:1, k:ed@caminho, mode:FULL, rate:0
2026-06-30 19:28:53, EXEC, v:1, k:ed@caminho, mode:FULL, rate:0
2026-06-30 19:30:14, EXEC, v:1, k:ed@caminho, mode:FULL, rate:0
2026-06-30 19:30:14, MOVE, v:1, k:ed@caminho, mode:EDIT
2026-06-30 19:33:23, EXEC, v:1, k:ed@caminho, mode:FULL, rate:0
2026-06-30 19:34:29, EXEC, v:1, k:ed@caminho, mode:FULL, rate:0
2026-06-30 19:37:59, EXEC, v:1, k:ed@caminho, mode:FULL, rate:0
2026-06-30 19:37:59, MOVE, v:1, k:ed@caminho, mode:EDIT
2026-06-30 19:42:54, EXEC, v:1, k:ed@caminho, mode:FULL, rate:0
2026-06-30 19:42:54, MOVE, v:1, k:ed@caminho, mode:EDIT
2026-06-30 19:43:45, EXEC, v:1, k:ed@caminho, mode:FULL, rate:0
2026-06-30 19:43:46, EXEC, v:1, k:ed@caminho, mode:FULL, rate:0
2026-06-30 19:47:22, EXEC, v:1, k:ed@caminho, mode:FULL, rate:0
2026-06-30 19:47:46, EXEC, v:1, k:ed@caminho, mode:FULL, rate:0
2026-06-30 19:47:46, MOVE, v:1, k:ed@caminho, mode:EDIT
2026-06-30 19:49:54, EXEC, v:1, k:ed@caminho, mode:FULL, rate:0
2026-06-30 19:51:57, EXEC, v:1, k:ed@caminho, mode:FULL, rate:0
2026-06-30 19:53:00, EXEC, v:1, k:ed@caminho, mode:FULL, rate:0
2026-06-30 19:53:00, MOVE, v:1, k:ed@caminho, mode:EDIT
2026-06-30 19:54:08, EXEC, v:1, k:ed@caminho, mode:FULL, rate:0
2026-06-30 19:54:09, EXEC, v:1, k:ed@caminho, mode:FULL, rate:0
2026-06-30 19:54:10, EXEC, v:1, k:ed@caminho, mode:FULL, rate:0
2026-06-30 19:54:15, EXEC, v:1, k:ed@caminho, mode:FULL, rate:0
2026-06-30 19:54:16, EXEC, v:1, k:ed@caminho, mode:FULL, rate:0
2026-06-30 19:54:19, EXEC, v:1, k:ed@caminho, mode:FULL, rate:0
2026-06-30 19:54:21, EXEC, v:1, k:ed@caminho, mode:FULL, rate:0
2026-06-30 19:54:22, EXEC, v:1, k:ed@caminho, mode:FULL, rate:0
2026-06-30 19:54:24, EXEC, v:1, k:ed@caminho, mode:FULL, rate:0
2026-06-30 19:54:27, EXEC, v:1, k:ed@caminho, mode:FULL, rate:0
2026-06-30 19:55:02, EXEC, v:1, k:ed@caminho, mode:FULL, rate:0
2026-06-30 19:55:03, EXEC, v:1, k:ed@caminho, mode:FULL, rate:0
2026-06-30 19:55:05, EXEC, v:1, k:ed@caminho, mode:FULL, rate:0
2026-06-30 19:55:07, EXEC, v:1, k:ed@caminho, mode:FULL, rate:0
2026-06-30 19:55:08, EXEC, v:1, k:ed@caminho, mode:FULL, rate:0
2026-06-30 19:55:08, MOVE, v:1, k:ed@caminho, mode:EDIT
2026-06-30 19:58:37, EXEC, v:1, k:ed@caminho, mode:FULL, rate:0
2026-06-30 19:58:37, MOVE, v:1, k:ed@caminho, mode:EDIT
2026-06-30 20:03:17, EXEC, v:1, k:ed@caminho, mode:FULL, rate:0
2026-06-30 20:03:40, EXEC, v:1, k:ed@caminho, mode:FULL, rate:0
2026-06-30 20:03:44, EXEC, v:1, k:ed@caminho, mode:FULL, rate:0
2026-06-30 20:03:44, EXEC, v:1, k:ed@caminho, mode:FULL, rate:0
2026-06-30 20:03:46, EXEC, v:1, k:ed@caminho, mode:FULL, rate:0
2026-06-30 20:04:14, EXEC, v:1, k:ed@caminho, mode:FULL, rate:0
2026-06-30 20:04:16, EXEC, v:1, k:ed@caminho, mode:FULL, rate:0
2026-06-30 20:04:18, EXEC, v:1, k:ed@caminho, mode:FULL, rate:0
2026-06-30 20:04:18, MOVE, v:1, k:ed@caminho, mode:EDIT
2026-06-30 20:08:30, EXEC, v:1, k:ed@caminho, mode:FULL, rate:0
2026-06-30 20:08:30, MOVE, v:1, k:ed@caminho, mode:EDIT
